<?xml version="1.0" encoding="ISO-8859-1" ?>
<link_info>
   <banner>TI ARM Linker PC v20.2.7.LTS</banner>
   <copyright>Copyright (c) 1996-2018 Texas Instruments Incorporated</copyright>
   <link_time>0x6a39e2c1</link_time>
   <link_errors>0x0</link_errors>
   <output_file>adc2can_front.out</output_file>
   <entry_point>
      <name>_c_int00</name>
      <address>0x9824</address>
   </entry_point>
   <input_file_list>
      <input_file id="fl-2">
         <path>.\source\</path>
         <kind>object</kind>
         <file>Device_TMS570LS12.obj</file>
         <name>Device_TMS570LS12.obj</name>
      </input_file>
      <input_file id="fl-3">
         <path>.\source\</path>
         <kind>object</kind>
         <file>Fapi_UserDefinedFunctions.obj</file>
         <name>Fapi_UserDefinedFunctions.obj</name>
      </input_file>
      <input_file id="fl-4">
         <path>.\source\</path>
         <kind>object</kind>
         <file>adc.obj</file>
         <name>adc.obj</name>
      </input_file>
      <input_file id="fl-5">
         <path>.\source\</path>
         <kind>object</kind>
         <file>can.obj</file>
         <name>can.obj</name>
      </input_file>
      <input_file id="fl-6">
         <path>.\source\</path>
         <kind>object</kind>
         <file>dabort.obj</file>
         <name>dabort.obj</name>
      </input_file>
      <input_file id="fl-7">
         <path>.\source\</path>
         <kind>object</kind>
         <file>ecap.obj</file>
         <name>ecap.obj</name>
      </input_file>
      <input_file id="fl-8">
         <path>.\source\</path>
         <kind>object</kind>
         <file>errata_SSWF021_45.obj</file>
         <name>errata_SSWF021_45.obj</name>
      </input_file>
      <input_file id="fl-9">
         <path>.\source\</path>
         <kind>object</kind>
         <file>esm.obj</file>
         <name>esm.obj</name>
      </input_file>
      <input_file id="fl-a">
         <path>.\source\</path>
         <kind>object</kind>
         <file>notification.obj</file>
         <name>notification.obj</name>
      </input_file>
      <input_file id="fl-b">
         <path>.\source\</path>
         <kind>object</kind>
         <file>pinmux.obj</file>
         <name>pinmux.obj</name>
      </input_file>
      <input_file id="fl-c">
         <path>.\source\</path>
         <kind>object</kind>
         <file>rti.obj</file>
         <name>rti.obj</name>
      </input_file>
      <input_file id="fl-d">
         <path>.\source\</path>
         <kind>object</kind>
         <file>sci.obj</file>
         <name>sci.obj</name>
      </input_file>
      <input_file id="fl-e">
         <path>.\source\</path>
         <kind>object</kind>
         <file>sensors.obj</file>
         <name>sensors.obj</name>
      </input_file>
      <input_file id="fl-f">
         <path>.\source\</path>
         <kind>object</kind>
         <file>sys_core.obj</file>
         <name>sys_core.obj</name>
      </input_file>
      <input_file id="fl-10">
         <path>.\source\</path>
         <kind>object</kind>
         <file>sys_dma.obj</file>
         <name>sys_dma.obj</name>
      </input_file>
      <input_file id="fl-11">
         <path>.\source\</path>
         <kind>object</kind>
         <file>sys_intvecs.obj</file>
         <name>sys_intvecs.obj</name>
      </input_file>
      <input_file id="fl-12">
         <path>.\source\</path>
         <kind>object</kind>
         <file>sys_main.obj</file>
         <name>sys_main.obj</name>
      </input_file>
      <input_file id="fl-13">
         <path>.\source\</path>
         <kind>object</kind>
         <file>sys_mpu.obj</file>
         <name>sys_mpu.obj</name>
      </input_file>
      <input_file id="fl-14">
         <path>.\source\</path>
         <kind>object</kind>
         <file>sys_pcr.obj</file>
         <name>sys_pcr.obj</name>
      </input_file>
      <input_file id="fl-15">
         <path>.\source\</path>
         <kind>object</kind>
         <file>sys_phantom.obj</file>
         <name>sys_phantom.obj</name>
      </input_file>
      <input_file id="fl-16">
         <path>.\source\</path>
         <kind>object</kind>
         <file>sys_pmm.obj</file>
         <name>sys_pmm.obj</name>
      </input_file>
      <input_file id="fl-17">
         <path>.\source\</path>
         <kind>object</kind>
         <file>sys_pmu.obj</file>
         <name>sys_pmu.obj</name>
      </input_file>
      <input_file id="fl-18">
         <path>.\source\</path>
         <kind>object</kind>
         <file>sys_selftest.obj</file>
         <name>sys_selftest.obj</name>
      </input_file>
      <input_file id="fl-19">
         <path>.\source\</path>
         <kind>object</kind>
         <file>sys_startup.obj</file>
         <name>sys_startup.obj</name>
      </input_file>
      <input_file id="fl-1a">
         <path>.\source\</path>
         <kind>object</kind>
         <file>sys_vim.obj</file>
         <name>sys_vim.obj</name>
      </input_file>
      <input_file id="fl-1b">
         <path>.\source\</path>
         <kind>object</kind>
         <file>system.obj</file>
         <name>system.obj</name>
      </input_file>
      <input_file id="fl-1c">
         <path>.\source\</path>
         <kind>object</kind>
         <file>ti_fee_Info.obj</file>
         <name>ti_fee_Info.obj</name>
      </input_file>
      <input_file id="fl-1d">
         <path>.\source\</path>
         <kind>object</kind>
         <file>ti_fee_cancel.obj</file>
         <name>ti_fee_cancel.obj</name>
      </input_file>
      <input_file id="fl-1e">
         <path>.\source\</path>
         <kind>object</kind>
         <file>ti_fee_cfg.obj</file>
         <name>ti_fee_cfg.obj</name>
      </input_file>
      <input_file id="fl-1f">
         <path>.\source\</path>
         <kind>object</kind>
         <file>ti_fee_eraseimmediateblock.obj</file>
         <name>ti_fee_eraseimmediateblock.obj</name>
      </input_file>
      <input_file id="fl-20">
         <path>.\source\</path>
         <kind>object</kind>
         <file>ti_fee_format.obj</file>
         <name>ti_fee_format.obj</name>
      </input_file>
      <input_file id="fl-21">
         <path>.\source\</path>
         <kind>object</kind>
         <file>ti_fee_ini.obj</file>
         <name>ti_fee_ini.obj</name>
      </input_file>
      <input_file id="fl-22">
         <path>.\source\</path>
         <kind>object</kind>
         <file>ti_fee_invalidateblock.obj</file>
         <name>ti_fee_invalidateblock.obj</name>
      </input_file>
      <input_file id="fl-23">
         <path>.\source\</path>
         <kind>object</kind>
         <file>ti_fee_main.obj</file>
         <name>ti_fee_main.obj</name>
      </input_file>
      <input_file id="fl-24">
         <path>.\source\</path>
         <kind>object</kind>
         <file>ti_fee_read.obj</file>
         <name>ti_fee_read.obj</name>
      </input_file>
      <input_file id="fl-25">
         <path>.\source\</path>
         <kind>object</kind>
         <file>ti_fee_readSync.obj</file>
         <name>ti_fee_readSync.obj</name>
      </input_file>
      <input_file id="fl-26">
         <path>.\source\</path>
         <kind>object</kind>
         <file>ti_fee_shutdown.obj</file>
         <name>ti_fee_shutdown.obj</name>
      </input_file>
      <input_file id="fl-27">
         <path>.\source\</path>
         <kind>object</kind>
         <file>ti_fee_util.obj</file>
         <name>ti_fee_util.obj</name>
      </input_file>
      <input_file id="fl-28">
         <path>.\source\</path>
         <kind>object</kind>
         <file>ti_fee_writeAsync.obj</file>
         <name>ti_fee_writeAsync.obj</name>
      </input_file>
      <input_file id="fl-29">
         <path>.\source\</path>
         <kind>object</kind>
         <file>ti_fee_writeSync.obj</file>
         <name>ti_fee_writeSync.obj</name>
      </input_file>
      <input_file id="fl-2a">
         <path>.\source\</path>
         <kind>object</kind>
         <file>wheel_speed.obj</file>
         <name>wheel_speed.obj</name>
      </input_file>
      <input_file id="fl-2f">
         <kind>object</kind>
         <file>&lt;internal&gt;</file>
         <name>&lt;internal&gt;</name>
      </input_file>
      <input_file id="fl-30">
         <path>C:\ti\ccs1281\ccs\tools\compiler\ti-cgt-arm_20.2.7.LTS\lib\</path>
         <kind>archive</kind>
         <file>rtsv7R4_T_be_v3D16_eabi.lib</file>
         <name>s_floor.c.obj</name>
      </input_file>
      <input_file id="fl-31">
         <path>C:\ti\ccs1281\ccs\tools\compiler\ti-cgt-arm_20.2.7.LTS\lib\</path>
         <kind>archive</kind>
         <file>rtsv7R4_T_be_v3D16_eabi.lib</file>
         <name>sprintf.c.obj</name>
      </input_file>
      <input_file id="fl-32">
         <path>C:\ti\ccs1281\ccs\tools\compiler\ti-cgt-arm_20.2.7.LTS\lib\</path>
         <kind>archive</kind>
         <file>rtsv7R4_T_be_v3D16_eabi.lib</file>
         <name>memcpy_t2.asm.obj</name>
      </input_file>
      <input_file id="fl-33">
         <path>C:\ti\ccs1281\ccs\tools\compiler\ti-cgt-arm_20.2.7.LTS\lib\</path>
         <kind>archive</kind>
         <file>rtsv7R4_T_be_v3D16_eabi.lib</file>
         <name>memset_t2.asm.obj</name>
      </input_file>
      <input_file id="fl-34">
         <path>C:\ti\ccs1281\ccs\tools\compiler\ti-cgt-arm_20.2.7.LTS\lib\</path>
         <kind>archive</kind>
         <file>rtsv7R4_T_be_v3D16_eabi.lib</file>
         <name>autoinit.c.obj</name>
      </input_file>
      <input_file id="fl-35">
         <path>C:\ti\ccs1281\ccs\tools\compiler\ti-cgt-arm_20.2.7.LTS\lib\</path>
         <kind>archive</kind>
         <file>rtsv7R4_T_be_v3D16_eabi.lib</file>
         <name>cpy_tbl.c.obj</name>
      </input_file>
      <input_file id="fl-36">
         <path>C:\ti\ccs1281\ccs\tools\compiler\ti-cgt-arm_20.2.7.LTS\lib\</path>
         <kind>archive</kind>
         <file>rtsv7R4_T_be_v3D16_eabi.lib</file>
         <name>copy_zero_init.c.obj</name>
      </input_file>
      <input_file id="fl-37">
         <path>C:\ti\ccs1281\ccs\tools\compiler\ti-cgt-arm_20.2.7.LTS\lib\</path>
         <kind>archive</kind>
         <file>rtsv7R4_T_be_v3D16_eabi.lib</file>
         <name>copy_decompress_none.c.obj</name>
      </input_file>
      <input_file id="fl-38">
         <path>C:\ti\ccs1281\ccs\tools\compiler\ti-cgt-arm_20.2.7.LTS\lib\</path>
         <kind>archive</kind>
         <file>rtsv7R4_T_be_v3D16_eabi.lib</file>
         <name>copy_decompress_lzss.c.obj</name>
      </input_file>
      <input_file id="fl-39">
         <path>C:\ti\ccs1281\ccs\tools\compiler\ti-cgt-arm_20.2.7.LTS\lib\</path>
         <kind>archive</kind>
         <file>rtsv7R4_T_be_v3D16_eabi.lib</file>
         <name>exit.c.obj</name>
      </input_file>
      <input_file id="fl-3a">
         <path>C:\ti\ccs1281\ccs\tools\compiler\ti-cgt-arm_20.2.7.LTS\lib\</path>
         <kind>archive</kind>
         <file>rtsv7R4_T_be_v3D16_eabi.lib</file>
         <name>_lock.c.obj</name>
      </input_file>
      <input_file id="fl-3b">
         <path>C:\ti\ccs1281\ccs\tools\compiler\ti-cgt-arm_20.2.7.LTS\lib\</path>
         <kind>archive</kind>
         <file>rtsv7R4_T_be_v3D16_eabi.lib</file>
         <name>_printfi.c.obj</name>
      </input_file>
      <input_file id="fl-3c">
         <path>C:\ti\ccs1281\ccs\tools\compiler\ti-cgt-arm_20.2.7.LTS\lib\</path>
         <kind>archive</kind>
         <file>rtsv7R4_T_be_v3D16_eabi.lib</file>
         <name>ull_div32.asm.obj</name>
      </input_file>
      <input_file id="fl-3d">
         <path>C:\ti\ccs1281\ccs\tools\compiler\ti-cgt-arm_20.2.7.LTS\lib\</path>
         <kind>archive</kind>
         <file>rtsv7R4_T_be_v3D16_eabi.lib</file>
         <name>_ltoa.c.obj</name>
      </input_file>
      <input_file id="fl-3e">
         <path>C:\ti\ccs1281\ccs\tools\compiler\ti-cgt-arm_20.2.7.LTS\lib\</path>
         <kind>archive</kind>
         <file>rtsv7R4_T_be_v3D16_eabi.lib</file>
         <name>atoi.c.obj</name>
      </input_file>
      <input_file id="fl-3f">
         <path>C:\ti\ccs1281\ccs\tools\compiler\ti-cgt-arm_20.2.7.LTS\lib\</path>
         <kind>archive</kind>
         <file>rtsv7R4_T_be_v3D16_eabi.lib</file>
         <name>ctype.c.obj</name>
      </input_file>
      <input_file id="fl-40">
         <path>C:\ti\ccs1281\ccs\tools\compiler\ti-cgt-arm_20.2.7.LTS\lib\</path>
         <kind>archive</kind>
         <file>rtsv7R4_T_be_v3D16_eabi.lib</file>
         <name>memccpy.c.obj</name>
      </input_file>
      <input_file id="fl-41">
         <path>C:\ti\ccs1281\ccs\tools\compiler\ti-cgt-arm_20.2.7.LTS\lib\</path>
         <kind>archive</kind>
         <file>rtsv7R4_T_be_v3D16_eabi.lib</file>
         <name>strchr.c.obj</name>
      </input_file>
      <input_file id="fl-42">
         <path>C:\ti\ccs1281\ccs\tools\compiler\ti-cgt-arm_20.2.7.LTS\lib\</path>
         <kind>archive</kind>
         <file>rtsv7R4_T_be_v3D16_eabi.lib</file>
         <name>strlen.c.obj</name>
      </input_file>
      <input_file id="fl-43">
         <path>C:\ti\ccs1281\ccs\tools\compiler\ti-cgt-arm_20.2.7.LTS\lib\</path>
         <kind>archive</kind>
         <file>rtsv7R4_T_be_v3D16_eabi.lib</file>
         <name>errno.c.obj</name>
      </input_file>
      <input_file id="fl-44">
         <path>C:\ti\ccs1281\ccs\tools\compiler\ti-cgt-arm_20.2.7.LTS\lib\</path>
         <kind>archive</kind>
         <file>rtsv7R4_T_be_v3D16_eabi.lib</file>
         <name>wcslen.c.obj</name>
      </input_file>
      <input_file id="fl-45">
         <path>C:\ti\ccs1281\ccs\tools\compiler\ti-cgt-arm_20.2.7.LTS\lib\</path>
         <kind>archive</kind>
         <file>rtsv7R4_T_be_v3D16_eabi.lib</file>
         <name>s_frexp.c.obj</name>
      </input_file>
      <input_file id="fl-46">
         <path>C:\ti\ccs1281\ccs\tools\compiler\ti-cgt-arm_20.2.7.LTS\lib\</path>
         <kind>archive</kind>
         <file>rtsv7R4_T_be_v3D16_eabi.lib</file>
         <name>s_scalbn.c.obj</name>
      </input_file>
      <input_file id="fl-47">
         <path>C:\ti\ccs1281\ccs\tools\compiler\ti-cgt-arm_20.2.7.LTS\lib\</path>
         <kind>archive</kind>
         <file>rtsv7R4_T_be_v3D16_eabi.lib</file>
         <name>div0.asm.obj</name>
      </input_file>
      <input_file id="fl-48">
         <path>C:\ti\ccs1281\ccs\tools\compiler\ti-cgt-arm_20.2.7.LTS\lib\</path>
         <kind>archive</kind>
         <file>rtsv7R4_T_be_v3D16_eabi.lib</file>
         <name>s_copysign.c.obj</name>
      </input_file>
      <input_file id="fl-49">
         <path>C:\ti\Hercules\F021 Flash API\02.01.01\</path>
         <kind>archive</kind>
         <file>F021_API_CortexR4_BE_V3D16_NDS.lib</file>
         <name>Async.obj</name>
      </input_file>
      <input_file id="fl-4a">
         <path>C:\ti\Hercules\F021 Flash API\02.01.01\</path>
         <kind>archive</kind>
         <file>F021_API_CortexR4_BE_V3D16_NDS.lib</file>
         <name>Async.WithAddress.obj</name>
      </input_file>
      <input_file id="fl-4b">
         <path>C:\ti\Hercules\F021 Flash API\02.01.01\</path>
         <kind>archive</kind>
         <file>F021_API_CortexR4_BE_V3D16_NDS.lib</file>
         <name>BlankCheck.obj</name>
      </input_file>
      <input_file id="fl-4c">
         <path>C:\ti\Hercules\F021 Flash API\02.01.01\</path>
         <kind>archive</kind>
         <file>F021_API_CortexR4_BE_V3D16_NDS.lib</file>
         <name>FlashStateMachine.EnableEepromSectors.obj</name>
      </input_file>
      <input_file id="fl-4d">
         <path>C:\ti\Hercules\F021 Flash API\02.01.01\</path>
         <kind>archive</kind>
         <file>F021_API_CortexR4_BE_V3D16_NDS.lib</file>
         <name>FlashStateMachine.InitializeFlashBanks.obj</name>
      </input_file>
      <input_file id="fl-4e">
         <path>C:\ti\Hercules\F021 Flash API\02.01.01\</path>
         <kind>archive</kind>
         <file>F021_API_CortexR4_BE_V3D16_NDS.lib</file>
         <name>FlashStateMachine.IssueFsmCommand.obj</name>
      </input_file>
      <input_file id="fl-4f">
         <path>C:\ti\Hercules\F021 Flash API\02.01.01\</path>
         <kind>archive</kind>
         <file>F021_API_CortexR4_BE_V3D16_NDS.lib</file>
         <name>FlashStateMachine.ScaleFclk.obj</name>
      </input_file>
      <input_file id="fl-50">
         <path>C:\ti\Hercules\F021 Flash API\02.01.01\</path>
         <kind>archive</kind>
         <file>F021_API_CortexR4_BE_V3D16_NDS.lib</file>
         <name>FlashStateMachine.SetActiveBank.obj</name>
      </input_file>
      <input_file id="fl-51">
         <path>C:\ti\Hercules\F021 Flash API\02.01.01\</path>
         <kind>archive</kind>
         <file>F021_API_CortexR4_BE_V3D16_NDS.lib</file>
         <name>Read.FlushPipeline.obj</name>
      </input_file>
      <input_file id="fl-52">
         <path>C:\ti\Hercules\F021 Flash API\02.01.01\</path>
         <kind>archive</kind>
         <file>F021_API_CortexR4_BE_V3D16_NDS.lib</file>
         <name>Read.LoopDword.obj</name>
      </input_file>
      <input_file id="fl-53">
         <path>C:\ti\Hercules\F021 Flash API\02.01.01\</path>
         <kind>archive</kind>
         <file>F021_API_CortexR4_BE_V3D16_NDS.lib</file>
         <name>Read.WdService.obj</name>
      </input_file>
      <input_file id="fl-54">
         <path>C:\ti\Hercules\F021 Flash API\02.01.01\</path>
         <kind>archive</kind>
         <file>F021_API_CortexR4_BE_V3D16_NDS.lib</file>
         <name>Utilities.CalculateFletcher.obj</name>
      </input_file>
      <input_file id="fl-55">
         <path>C:\ti\Hercules\F021 Flash API\02.01.01\</path>
         <kind>archive</kind>
         <file>F021_API_CortexR4_BE_V3D16_NDS.lib</file>
         <name>Utilities.WaitDelay.obj</name>
      </input_file>
      <input_file id="fl-56">
         <path>C:\ti\Hercules\F021 Flash API\02.01.01\</path>
         <kind>archive</kind>
         <file>F021_API_CortexR4_BE_V3D16_NDS.lib</file>
         <name>Utilities.GetNumberOfSectors.obj</name>
      </input_file>
      <input_file id="fl-57">
         <path>C:\ti\Hercules\F021 Flash API\02.01.01\</path>
         <kind>archive</kind>
         <file>F021_API_CortexR4_BE_V3D16_NDS.lib</file>
         <name>Read.Common.obj</name>
      </input_file>
      <input_file id="fl-58">
         <path>C:\ti\Hercules\F021 Flash API\02.01.01\</path>
         <kind>archive</kind>
         <file>F021_API_CortexR4_BE_V3D16_NDS.lib</file>
         <name>FlashStateMachine.Hercules.IsEccAddress.obj</name>
      </input_file>
   </input_file_list>
   <object_component_list>
      <object_component id="oc-4c">
         <name>.intvecs</name>
         <load_address>0x0</load_address>
         <run_address>0x0</run_address>
         <size>0x20</size>
         <input_file_ref idref="fl-11"/>
      </object_component>
      <object_component id="oc-9d">
         <name>.text</name>
         <load_address>0x20</load_address>
         <run_address>0x20</run_address>
         <size>0x2cdc</size>
         <input_file_ref idref="fl-18"/>
      </object_component>
      <object_component id="oc-97">
         <name>.text</name>
         <load_address>0x2cfc</load_address>
         <run_address>0x2cfc</run_address>
         <size>0xb64</size>
         <input_file_ref idref="fl-1b"/>
      </object_component>
      <object_component id="oc-1c7">
         <name>.text</name>
         <load_address>0x3860</load_address>
         <run_address>0x3860</run_address>
         <size>0xaec</size>
         <input_file_ref idref="fl-4"/>
      </object_component>
      <object_component id="oc-58">
         <name>.text</name>
         <load_address>0x434c</load_address>
         <run_address>0x434c</run_address>
         <size>0xa54</size>
         <input_file_ref idref="fl-1a"/>
      </object_component>
      <object_component id="oc-248">
         <name>.text:__TI_printfi</name>
         <load_address>0x4da0</load_address>
         <run_address>0x4da0</run_address>
         <size>0xa4e</size>
         <input_file_ref idref="fl-3b"/>
      </object_component>
      <object_component id="oc-3e3">
         <name>.text</name>
         <load_address>0x57ee</load_address>
         <run_address>0x57ee</run_address>
         <size>0x2</size>
         <input_file_ref idref="fl-47"/>
      </object_component>
      <object_component id="oc-110">
         <name>.text</name>
         <load_address>0x57f0</load_address>
         <run_address>0x57f0</run_address>
         <size>0x8b8</size>
         <input_file_ref idref="fl-b"/>
      </object_component>
      <object_component id="oc-1ac">
         <name>.text</name>
         <load_address>0x60a8</load_address>
         <run_address>0x60a8</run_address>
         <size>0x8ac</size>
         <input_file_ref idref="fl-7"/>
      </object_component>
      <object_component id="oc-156">
         <name>.text</name>
         <load_address>0x6954</load_address>
         <run_address>0x6954</run_address>
         <size>0x7a8</size>
         <input_file_ref idref="fl-d"/>
      </object_component>
      <object_component id="oc-1bb">
         <name>.text</name>
         <load_address>0x70fc</load_address>
         <run_address>0x70fc</run_address>
         <size>0x6a0</size>
         <input_file_ref idref="fl-10"/>
      </object_component>
      <object_component id="oc-8b">
         <name>.text</name>
         <load_address>0x779c</load_address>
         <run_address>0x779c</run_address>
         <size>0x664</size>
         <input_file_ref idref="fl-8"/>
      </object_component>
      <object_component id="oc-1c1">
         <name>.text</name>
         <load_address>0x7e00</load_address>
         <run_address>0x7e00</run_address>
         <size>0x638</size>
         <input_file_ref idref="fl-c"/>
      </object_component>
      <object_component id="oc-a3">
         <name>.text</name>
         <load_address>0x8438</load_address>
         <run_address>0x8438</run_address>
         <size>0x5bc</size>
         <input_file_ref idref="fl-9"/>
      </object_component>
      <object_component id="oc-86">
         <name>.text</name>
         <load_address>0x89f4</load_address>
         <run_address>0x89f4</run_address>
         <size>0x34c</size>
         <input_file_ref idref="fl-f"/>
      </object_component>
      <object_component id="oc-57">
         <name>.text:retain</name>
         <load_address>0x8d40</load_address>
         <run_address>0x8d40</run_address>
         <size>0x2cc</size>
         <input_file_ref idref="fl-1a"/>
      </object_component>
      <object_component id="oc-380">
         <name>.text</name>
         <load_address>0x900c</load_address>
         <run_address>0x900c</run_address>
         <size>0x2b4</size>
         <input_file_ref idref="fl-3c"/>
      </object_component>
      <object_component id="oc-ce">
         <name>.text</name>
         <load_address>0x92c0</load_address>
         <run_address>0x92c0</run_address>
         <size>0x2b4</size>
         <input_file_ref idref="fl-e"/>
      </object_component>
      <object_component id="oc-bc">
         <name>.text</name>
         <load_address>0x9574</load_address>
         <run_address>0x9574</run_address>
         <size>0x2b0</size>
         <input_file_ref idref="fl-2a"/>
      </object_component>
      <object_component id="oc-1f">
         <name>.text:retain</name>
         <load_address>0x9824</load_address>
         <run_address>0x9824</run_address>
         <size>0x288</size>
         <input_file_ref idref="fl-19"/>
      </object_component>
      <object_component id="oc-307">
         <name>.text:_pconv_a</name>
         <load_address>0x9aac</load_address>
         <run_address>0x9aac</run_address>
         <size>0x248</size>
         <input_file_ref idref="fl-3b"/>
      </object_component>
      <object_component id="oc-40">
         <name>.text:retain</name>
         <load_address>0x9cf4</load_address>
         <run_address>0x9cf4</run_address>
         <size>0x204</size>
         <input_file_ref idref="fl-d"/>
      </object_component>
      <object_component id="oc-2f5">
         <name>.text:_pconv_g</name>
         <load_address>0x9ef8</load_address>
         <run_address>0x9ef8</run_address>
         <size>0x1a0</size>
         <input_file_ref idref="fl-3b"/>
      </object_component>
      <object_component id="oc-3a">
         <name>.text:retain</name>
         <load_address>0xa098</load_address>
         <run_address>0xa098</run_address>
         <size>0x124</size>
         <input_file_ref idref="fl-c"/>
      </object_component>
      <object_component id="oc-34">
         <name>.text:retain</name>
         <load_address>0xa1bc</load_address>
         <run_address>0xa1bc</run_address>
         <size>0x114</size>
         <input_file_ref idref="fl-9"/>
      </object_component>
      <object_component id="oc-2e">
         <name>.text:retain</name>
         <load_address>0xa2d0</load_address>
         <run_address>0xa2d0</run_address>
         <size>0x110</size>
         <input_file_ref idref="fl-7"/>
      </object_component>
      <object_component id="oc-301">
         <name>.text:_pconv_e</name>
         <load_address>0xa3e0</load_address>
         <run_address>0xa3e0</run_address>
         <size>0x104</size>
         <input_file_ref idref="fl-3b"/>
      </object_component>
      <object_component id="oc-399">
         <name>.text:fcvt</name>
         <load_address>0xa4e4</load_address>
         <run_address>0xa4e4</run_address>
         <size>0xfc</size>
         <input_file_ref idref="fl-3b"/>
      </object_component>
      <object_component id="oc-b2">
         <name>.text</name>
         <load_address>0xa5e0</load_address>
         <run_address>0xa5e0</run_address>
         <size>0xf4</size>
         <input_file_ref idref="fl-a"/>
      </object_component>
      <object_component id="oc-aa">
         <name>.text</name>
         <load_address>0xa6d4</load_address>
         <run_address>0xa6d4</run_address>
         <size>0xf4</size>
         <input_file_ref idref="fl-12"/>
      </object_component>
      <object_component id="oc-3ad">
         <name>.text:scalbn</name>
         <load_address>0xa7c8</load_address>
         <run_address>0xa7c8</run_address>
         <size>0xf0</size>
         <input_file_ref idref="fl-46"/>
      </object_component>
      <object_component id="oc-d5">
         <name>.text</name>
         <load_address>0xa8b8</load_address>
         <run_address>0xa8b8</run_address>
         <size>0xe8</size>
         <input_file_ref idref="fl-6"/>
      </object_component>
      <object_component id="oc-241">
         <name>.text:floor</name>
         <load_address>0xa9a0</load_address>
         <run_address>0xa9a0</run_address>
         <size>0xe0</size>
         <input_file_ref idref="fl-30"/>
      </object_component>
      <object_component id="oc-118">
         <name>.text</name>
         <load_address>0xaa80</load_address>
         <run_address>0xaa80</run_address>
         <size>0xe0</size>
         <input_file_ref idref="fl-17"/>
      </object_component>
      <object_component id="oc-2ef">
         <name>.text:_ltostr</name>
         <load_address>0xab60</load_address>
         <run_address>0xab60</run_address>
         <size>0xad</size>
         <input_file_ref idref="fl-3b"/>
      </object_component>
      <object_component id="oc-25">
         <name>.text:retain</name>
         <load_address>0xac10</load_address>
         <run_address>0xac10</run_address>
         <size>0xa4</size>
         <input_file_ref idref="fl-4"/>
      </object_component>
      <object_component id="oc-6e">
         <name>.text</name>
         <load_address>0xacb4</load_address>
         <run_address>0xacb4</run_address>
         <size>0x9c</size>
         <input_file_ref idref="fl-32"/>
      </object_component>
      <object_component id="oc-392">
         <name>.text:_mcpy</name>
         <load_address>0xad50</load_address>
         <run_address>0xad50</run_address>
         <size>0x7a</size>
         <input_file_ref idref="fl-3b"/>
      </object_component>
      <object_component id="oc-102">
         <name>.text</name>
         <load_address>0xadca</load_address>
         <run_address>0xadca</run_address>
         <size>0x7a</size>
         <input_file_ref idref="fl-33"/>
      </object_component>
      <object_component id="oc-3a7">
         <name>.text:frexp</name>
         <load_address>0xae44</load_address>
         <run_address>0xae44</run_address>
         <size>0x74</size>
         <input_file_ref idref="fl-45"/>
      </object_component>
      <object_component id="oc-12">
         <name>.text:decompress:lzss:__TI_decompress_lzss</name>
         <load_address>0xaeb8</load_address>
         <run_address>0xaeb8</run_address>
         <size>0x6c</size>
         <input_file_ref idref="fl-38"/>
      </object_component>
      <object_component id="oc-46">
         <name>.text:retain</name>
         <load_address>0xaf24</load_address>
         <run_address>0xaf24</run_address>
         <size>0x68</size>
         <input_file_ref idref="fl-10"/>
      </object_component>
      <object_component id="oc-386">
         <name>.text:__TI_ltoa</name>
         <load_address>0xaf8c</load_address>
         <run_address>0xaf8c</run_address>
         <size>0x54</size>
         <input_file_ref idref="fl-3d"/>
      </object_component>
      <object_component id="oc-38c">
         <name>.text:_ecpy</name>
         <load_address>0xafe0</load_address>
         <run_address>0xafe0</run_address>
         <size>0x54</size>
         <input_file_ref idref="fl-3b"/>
      </object_component>
      <object_component id="oc-2fb">
         <name>.text:_pconv_f</name>
         <load_address>0xb034</load_address>
         <run_address>0xb034</run_address>
         <size>0x50</size>
         <input_file_ref idref="fl-3b"/>
      </object_component>
      <object_component id="oc-2e9">
         <name>.text:atoi</name>
         <load_address>0xb084</load_address>
         <run_address>0xb084</run_address>
         <size>0x50</size>
         <input_file_ref idref="fl-3e"/>
      </object_component>
      <object_component id="oc-126">
         <name>.text:__TI_auto_init_nobinit_nopinit:__TI_auto_init_nobinit_nopinit</name>
         <load_address>0xb0d4</load_address>
         <run_address>0xb0d4</run_address>
         <size>0x44</size>
         <input_file_ref idref="fl-34"/>
      </object_component>
      <object_component id="oc-39f">
         <name>.text:_fcpy</name>
         <load_address>0xb118</load_address>
         <run_address>0xb118</run_address>
         <size>0x40</size>
         <input_file_ref idref="fl-3b"/>
      </object_component>
      <object_component id="oc-15c">
         <name>.text:sprintf</name>
         <load_address>0xb158</load_address>
         <run_address>0xb158</run_address>
         <size>0x40</size>
         <input_file_ref idref="fl-31"/>
      </object_component>
      <object_component id="oc-30d">
         <name>.text:memccpy</name>
         <load_address>0xb198</load_address>
         <run_address>0xb198</run_address>
         <size>0x26</size>
         <input_file_ref idref="fl-40"/>
      </object_component>
      <object_component id="oc-3f6">
         <name>.text:copysign</name>
         <load_address>0xb1be</load_address>
         <run_address>0xb1be</run_address>
         <size>0x1e</size>
         <input_file_ref idref="fl-48"/>
      </object_component>
      <object_component id="oc-7a">
         <name>.text:decompress:ZI:__TI_zero_init_nomemset:__TI_zero_init_nomemset</name>
         <load_address>0xb1dc</load_address>
         <run_address>0xb1dc</run_address>
         <size>0x1c</size>
         <input_file_ref idref="fl-36"/>
      </object_component>
      <object_component id="oc-24e">
         <name>.text:_outs</name>
         <load_address>0xb1f8</load_address>
         <run_address>0xb1f8</run_address>
         <size>0x1a</size>
         <input_file_ref idref="fl-31"/>
      </object_component>
      <object_component id="oc-3b3">
         <name>.text:strchr</name>
         <load_address>0xb212</load_address>
         <run_address>0xb212</run_address>
         <size>0x16</size>
         <input_file_ref idref="fl-41"/>
      </object_component>
      <object_component id="oc-2e3">
         <name>.text:strlen</name>
         <load_address>0xb228</load_address>
         <run_address>0xb228</run_address>
         <size>0x16</size>
         <input_file_ref idref="fl-42"/>
      </object_component>
      <object_component id="oc-313">
         <name>.text:wcslen</name>
         <load_address>0xb23e</load_address>
         <run_address>0xb23e</run_address>
         <size>0x12</size>
         <input_file_ref idref="fl-44"/>
      </object_component>
      <object_component id="oc-18">
         <name>.text:decompress:none:__TI_decompress_none</name>
         <load_address>0xb250</load_address>
         <run_address>0xb250</run_address>
         <size>0xe</size>
         <input_file_ref idref="fl-37"/>
      </object_component>
      <object_component id="oc-254">
         <name>.text:_outc</name>
         <load_address>0xb25e</load_address>
         <run_address>0xb25e</run_address>
         <size>0xa</size>
         <input_file_ref idref="fl-31"/>
      </object_component>
      <object_component id="oc-319">
         <name>.text:__aeabi_errno_addr</name>
         <load_address>0xb268</load_address>
         <run_address>0xb268</run_address>
         <size>0x8</size>
         <input_file_ref idref="fl-43"/>
      </object_component>
      <object_component id="oc-16f">
         <name>.text:abort:abort</name>
         <load_address>0xb270</load_address>
         <run_address>0xb270</run_address>
         <size>0x4</size>
         <input_file_ref idref="fl-39"/>
      </object_component>
      <object_component id="oc-51">
         <name>.text:retain</name>
         <load_address>0xb274</load_address>
         <run_address>0xb274</run_address>
         <size>0x4</size>
         <input_file_ref idref="fl-15"/>
      </object_component>
      <object_component id="oc-91">
         <name>.text</name>
         <load_address>0xb278</load_address>
         <run_address>0xb278</run_address>
         <size>0x4</size>
         <input_file_ref idref="fl-19"/>
      </object_component>
      <object_component id="oc-2b">
         <name>.const:s_vim_init</name>
         <load_address>0xb27c</load_address>
         <run_address>0xb27c</run_address>
         <size>0x200</size>
         <input_file_ref idref="fl-1a"/>
      </object_component>
      <object_component id="oc-37b">
         <name>.const:.string:_ctypes_</name>
         <load_address>0xb47c</load_address>
         <run_address>0xb47c</run_address>
         <size>0x101</size>
         <input_file_ref idref="fl-3f"/>
      </object_component>
      <object_component id="oc-2a7">
         <name>.const:s_adcFiFoSize</name>
         <load_address>0xb580</load_address>
         <run_address>0xb580</run_address>
         <size>0x18</size>
         <input_file_ref idref="fl-4"/>
      </object_component>
      <object_component id="oc-2aa">
         <name>.const:s_adcSelect</name>
         <load_address>0xb598</load_address>
         <run_address>0xb598</run_address>
         <size>0x18</size>
         <input_file_ref idref="fl-4"/>
      </object_component>
      <object_component id="oc-44a">
         <name>__TI_handler_table</name>
         <load_address>0xb5b0</load_address>
         <run_address>0xb5b0</run_address>
         <size>0xc</size>
      </object_component>
      <object_component id="oc-44c">
         <name>.cinit..bss.load</name>
         <load_address>0xb5c0</load_address>
         <run_address>0xb5c0</run_address>
         <size>0x8</size>
      </object_component>
      <object_component id="oc-44d">
         <name>.cinit..data.load</name>
         <load_address>0xb5c8</load_address>
         <run_address>0xb5c8</run_address>
         <size>0x7</size>
      </object_component>
      <object_component id="oc-44b">
         <name>__TI_cinit_table</name>
         <load_address>0xb5d0</load_address>
         <run_address>0xb5d0</run_address>
         <size>0x10</size>
      </object_component>
      <object_component id="oc-ca">
         <name>.bss:g_sciTransfer_t</name>
         <uninitialized>true</uninitialized>
         <run_address>0x80015c4</run_address>
         <size>0x28</size>
         <input_file_ref idref="fl-d"/>
      </object_component>
      <object_component id="oc-1d4">
         <name>.common:adc_data</name>
         <uninitialized>true</uninitialized>
         <run_address>0x8001544</run_address>
         <size>0x40</size>
      </object_component>
      <object_component id="oc-1d0">
         <name>.common:adc_dma_buffer</name>
         <uninitialized>true</uninitialized>
         <run_address>0x80015ec</run_address>
         <size>0x20</size>
      </object_component>
      <object_component id="oc-1cd">
         <name>.common:g_dmaCTRLPKT</name>
         <uninitialized>true</uninitialized>
         <run_address>0x8001500</run_address>
         <size>0x44</size>
      </object_component>
      <object_component id="oc-165">
         <name>.common:sciBuffer</name>
         <uninitialized>true</uninitialized>
         <run_address>0x8001584</run_address>
         <size>0x40</size>
      </object_component>
      <object_component id="oc-168">
         <name>.common:right_wheel</name>
         <uninitialized>true</uninitialized>
         <run_address>0x800161c</run_address>
         <size>0x10</size>
      </object_component>
      <object_component id="oc-162">
         <name>.common:left_wheel</name>
         <uninitialized>true</uninitialized>
         <run_address>0x800160c</run_address>
         <size>0x10</size>
      </object_component>
      <object_component id="oc-1d1">
         <name>.data</name>
         <load_address>0x8001630</load_address>
         <run_address>0x8001630</run_address>
         <size>0x1</size>
         <input_file_ref idref="fl-e"/>
      </object_component>
      <object_component id="oc-3c3">
         <name>.data</name>
         <load_address>0x800162c</load_address>
         <run_address>0x800162c</run_address>
         <size>0x4</size>
         <input_file_ref idref="fl-43"/>
      </object_component>
      <object_component id="oc-28f">
         <name>.debug_info</name>
         <load_address>0x0</load_address>
         <run_address>0x0</run_address>
         <size>0x1f3</size>
         <input_file_ref idref="fl-2"/>
      </object_component>
      <object_component id="oc-344">
         <name>.debug_info</name>
         <load_address>0x1f3</load_address>
         <run_address>0x1f3</run_address>
         <size>0xe57</size>
         <input_file_ref idref="fl-2"/>
      </object_component>
      <object_component id="oc-33f">
         <name>.debug_info</name>
         <load_address>0x104a</load_address>
         <run_address>0x104a</run_address>
         <size>0x225</size>
         <input_file_ref idref="fl-2"/>
      </object_component>
      <object_component id="oc-349">
         <name>.debug_info</name>
         <load_address>0x126f</load_address>
         <run_address>0x126f</run_address>
         <size>0x26d5</size>
         <input_file_ref idref="fl-2"/>
      </object_component>
      <object_component id="oc-184">
         <name>.debug_info</name>
         <load_address>0x3944</load_address>
         <run_address>0x3944</run_address>
         <size>0x26b</size>
         <input_file_ref idref="fl-2"/>
      </object_component>
      <object_component id="oc-c3">
         <name>.debug_info</name>
         <load_address>0x3baf</load_address>
         <run_address>0x3baf</run_address>
         <size>0x157</size>
         <input_file_ref idref="fl-2"/>
      </object_component>
      <object_component id="oc-e2">
         <name>.debug_info</name>
         <load_address>0x3d06</load_address>
         <run_address>0x3d06</run_address>
         <size>0x8b</size>
         <input_file_ref idref="fl-2"/>
      </object_component>
      <object_component id="oc-279">
         <name>.debug_info</name>
         <load_address>0x3d91</load_address>
         <run_address>0x3d91</run_address>
         <size>0x2a4</size>
         <input_file_ref idref="fl-2"/>
      </object_component>
      <object_component id="oc-16a">
         <name>.debug_info</name>
         <load_address>0x4035</load_address>
         <run_address>0x4035</run_address>
         <size>0xbb</size>
         <input_file_ref idref="fl-2"/>
      </object_component>
      <object_component id="oc-69">
         <name>.debug_info</name>
         <load_address>0x40f0</load_address>
         <run_address>0x40f0</run_address>
         <size>0x84</size>
         <input_file_ref idref="fl-3"/>
      </object_component>
      <object_component id="oc-1d7">
         <name>.debug_info</name>
         <load_address>0x4174</load_address>
         <run_address>0x4174</run_address>
         <size>0x349</size>
         <input_file_ref idref="fl-4"/>
      </object_component>
      <object_component id="oc-2ab">
         <name>.debug_info</name>
         <load_address>0x44bd</load_address>
         <run_address>0x44bd</run_address>
         <size>0xe6</size>
         <input_file_ref idref="fl-4"/>
      </object_component>
      <object_component id="oc-2a8">
         <name>.debug_info</name>
         <load_address>0x45a3</load_address>
         <run_address>0x45a3</run_address>
         <size>0xeb</size>
         <input_file_ref idref="fl-4"/>
      </object_component>
      <object_component id="oc-1c8">
         <name>.debug_info</name>
         <load_address>0x468e</load_address>
         <run_address>0x468e</run_address>
         <size>0xb63</size>
         <input_file_ref idref="fl-4"/>
      </object_component>
      <object_component id="oc-26">
         <name>.debug_info</name>
         <load_address>0x51f1</load_address>
         <run_address>0x51f1</run_address>
         <size>0x1c6</size>
         <input_file_ref idref="fl-4"/>
      </object_component>
      <object_component id="oc-1ec">
         <name>.debug_info</name>
         <load_address>0x53b7</load_address>
         <run_address>0x53b7</run_address>
         <size>0x791</size>
         <input_file_ref idref="fl-4"/>
      </object_component>
      <object_component id="oc-dd">
         <name>.debug_info</name>
         <load_address>0x5b48</load_address>
         <run_address>0x5b48</run_address>
         <size>0x18c</size>
         <input_file_ref idref="fl-4"/>
      </object_component>
      <object_component id="oc-e7">
         <name>.debug_info</name>
         <load_address>0x5cd4</load_address>
         <run_address>0x5cd4</run_address>
         <size>0x86</size>
         <input_file_ref idref="fl-4"/>
      </object_component>
      <object_component id="oc-2b9">
         <name>.debug_info</name>
         <load_address>0x5d5a</load_address>
         <run_address>0x5d5a</run_address>
         <size>0x38f</size>
         <input_file_ref idref="fl-4"/>
      </object_component>
      <object_component id="oc-1a2">
         <name>.debug_info</name>
         <load_address>0x60e9</load_address>
         <run_address>0x60e9</run_address>
         <size>0x2d0</size>
         <input_file_ref idref="fl-4"/>
      </object_component>
      <object_component id="oc-2c7">
         <name>.debug_info</name>
         <load_address>0x63b9</load_address>
         <run_address>0x63b9</run_address>
         <size>0x315</size>
         <input_file_ref idref="fl-5"/>
      </object_component>
      <object_component id="oc-200">
         <name>.debug_info</name>
         <load_address>0x66ce</load_address>
         <run_address>0x66ce</run_address>
         <size>0x437</size>
         <input_file_ref idref="fl-5"/>
      </object_component>
      <object_component id="oc-35a">
         <name>.debug_info</name>
         <load_address>0x6b05</load_address>
         <run_address>0x6b05</run_address>
         <size>0x15f</size>
         <input_file_ref idref="fl-5"/>
      </object_component>
      <object_component id="oc-d8">
         <name>.debug_info</name>
         <load_address>0x6c64</load_address>
         <run_address>0x6c64</run_address>
         <size>0x103</size>
         <input_file_ref idref="fl-6"/>
      </object_component>
      <object_component id="oc-291">
         <name>.debug_info</name>
         <load_address>0x6d67</load_address>
         <run_address>0x6d67</run_address>
         <size>0x2ec</size>
         <input_file_ref idref="fl-7"/>
      </object_component>
      <object_component id="oc-1ae">
         <name>.debug_info</name>
         <load_address>0x7053</load_address>
         <run_address>0x7053</run_address>
         <size>0x172d</size>
         <input_file_ref idref="fl-7"/>
      </object_component>
      <object_component id="oc-30">
         <name>.debug_info</name>
         <load_address>0x8780</load_address>
         <run_address>0x8780</run_address>
         <size>0x1ed</size>
         <input_file_ref idref="fl-7"/>
      </object_component>
      <object_component id="oc-268">
         <name>.debug_info</name>
         <load_address>0x896d</load_address>
         <run_address>0x896d</run_address>
         <size>0x359</size>
         <input_file_ref idref="fl-7"/>
      </object_component>
      <object_component id="oc-263">
         <name>.debug_info</name>
         <load_address>0x8cc6</load_address>
         <run_address>0x8cc6</run_address>
         <size>0x152</size>
         <input_file_ref idref="fl-7"/>
      </object_component>
      <object_component id="oc-1e7">
         <name>.debug_info</name>
         <load_address>0x8e18</load_address>
         <run_address>0x8e18</run_address>
         <size>0x2c2</size>
         <input_file_ref idref="fl-8"/>
      </object_component>
      <object_component id="oc-8c">
         <name>.debug_info</name>
         <load_address>0x90da</load_address>
         <run_address>0x90da</run_address>
         <size>0x643</size>
         <input_file_ref idref="fl-8"/>
      </object_component>
      <object_component id="oc-10a">
         <name>.debug_info</name>
         <load_address>0x971d</load_address>
         <run_address>0x971d</run_address>
         <size>0x9e7</size>
         <input_file_ref idref="fl-8"/>
      </object_component>
      <object_component id="oc-125">
         <name>.debug_info</name>
         <load_address>0xa104</load_address>
         <run_address>0xa104</run_address>
         <size>0x31a</size>
         <input_file_ref idref="fl-9"/>
      </object_component>
      <object_component id="oc-a4">
         <name>.debug_info</name>
         <load_address>0xa41e</load_address>
         <run_address>0xa41e</run_address>
         <size>0xb2f</size>
         <input_file_ref idref="fl-9"/>
      </object_component>
      <object_component id="oc-36">
         <name>.debug_info</name>
         <load_address>0xaf4d</load_address>
         <run_address>0xaf4d</run_address>
         <size>0x18f</size>
         <input_file_ref idref="fl-9"/>
      </object_component>
      <object_component id="oc-189">
         <name>.debug_info</name>
         <load_address>0xb0dc</load_address>
         <run_address>0xb0dc</run_address>
         <size>0x1de</size>
         <input_file_ref idref="fl-9"/>
      </object_component>
      <object_component id="oc-120">
         <name>.debug_info</name>
         <load_address>0xb2ba</load_address>
         <run_address>0xb2ba</run_address>
         <size>0x129</size>
         <input_file_ref idref="fl-9"/>
      </object_component>
      <object_component id="oc-17c">
         <name>.debug_info</name>
         <load_address>0xb3e3</load_address>
         <run_address>0xb3e3</run_address>
         <size>0x4f2</size>
         <input_file_ref idref="fl-a"/>
      </object_component>
      <object_component id="oc-b5">
         <name>.debug_info</name>
         <load_address>0xb8d5</load_address>
         <run_address>0xb8d5</run_address>
         <size>0xb32</size>
         <input_file_ref idref="fl-a"/>
      </object_component>
      <object_component id="oc-1f1">
         <name>.debug_info</name>
         <load_address>0xc407</load_address>
         <run_address>0xc407</run_address>
         <size>0x4de</size>
         <input_file_ref idref="fl-a"/>
      </object_component>
      <object_component id="oc-1f6">
         <name>.debug_info</name>
         <load_address>0xc8e5</load_address>
         <run_address>0xc8e5</run_address>
         <size>0x3ce</size>
         <input_file_ref idref="fl-a"/>
      </object_component>
      <object_component id="oc-26f">
         <name>.debug_info</name>
         <load_address>0xccb3</load_address>
         <run_address>0xccb3</run_address>
         <size>0x306</size>
         <input_file_ref idref="fl-a"/>
      </object_component>
      <object_component id="oc-28a">
         <name>.debug_info</name>
         <load_address>0xcfb9</load_address>
         <run_address>0xcfb9</run_address>
         <size>0x7cd</size>
         <input_file_ref idref="fl-a"/>
      </object_component>
      <object_component id="oc-17d">
         <name>.debug_info</name>
         <load_address>0xd786</load_address>
         <run_address>0xd786</run_address>
         <size>0x673</size>
         <input_file_ref idref="fl-a"/>
      </object_component>
      <object_component id="oc-1df">
         <name>.debug_info</name>
         <load_address>0xddf9</load_address>
         <run_address>0xddf9</run_address>
         <size>0x2c</size>
         <input_file_ref idref="fl-a"/>
      </object_component>
      <object_component id="oc-1fb">
         <name>.debug_info</name>
         <load_address>0xde25</load_address>
         <run_address>0xde25</run_address>
         <size>0x35</size>
         <input_file_ref idref="fl-a"/>
      </object_component>
      <object_component id="oc-22b">
         <name>.debug_info</name>
         <load_address>0xde5a</load_address>
         <run_address>0xde5a</run_address>
         <size>0x37b</size>
         <input_file_ref idref="fl-a"/>
      </object_component>
      <object_component id="oc-2a1">
         <name>.debug_info</name>
         <load_address>0xe1d5</load_address>
         <run_address>0xe1d5</run_address>
         <size>0x1d4</size>
         <input_file_ref idref="fl-a"/>
      </object_component>
      <object_component id="oc-205">
         <name>.debug_info</name>
         <load_address>0xe3a9</load_address>
         <run_address>0xe3a9</run_address>
         <size>0x1ca</size>
         <input_file_ref idref="fl-a"/>
      </object_component>
      <object_component id="oc-18e">
         <name>.debug_info</name>
         <load_address>0xe573</load_address>
         <run_address>0xe573</run_address>
         <size>0x435</size>
         <input_file_ref idref="fl-a"/>
      </object_component>
      <object_component id="oc-21e">
         <name>.debug_info</name>
         <load_address>0xe9a8</load_address>
         <run_address>0xe9a8</run_address>
         <size>0x551</size>
         <input_file_ref idref="fl-a"/>
      </object_component>
      <object_component id="oc-193">
         <name>.debug_info</name>
         <load_address>0xeef9</load_address>
         <run_address>0xeef9</run_address>
         <size>0x1f9</size>
         <input_file_ref idref="fl-a"/>
      </object_component>
      <object_component id="oc-20a">
         <name>.debug_info</name>
         <load_address>0xf0f2</load_address>
         <run_address>0xf0f2</run_address>
         <size>0x3d3</size>
         <input_file_ref idref="fl-a"/>
      </object_component>
      <object_component id="oc-214">
         <name>.debug_info</name>
         <load_address>0xf4c5</load_address>
         <run_address>0xf4c5</run_address>
         <size>0x1de</size>
         <input_file_ref idref="fl-a"/>
      </object_component>
      <object_component id="oc-274">
         <name>.debug_info</name>
         <load_address>0xf6a3</load_address>
         <run_address>0xf6a3</run_address>
         <size>0x243</size>
         <input_file_ref idref="fl-a"/>
      </object_component>
      <object_component id="oc-299">
         <name>.debug_info</name>
         <load_address>0xf8e6</load_address>
         <run_address>0xf8e6</run_address>
         <size>0x18e</size>
         <input_file_ref idref="fl-a"/>
      </object_component>
      <object_component id="oc-223">
         <name>.debug_info</name>
         <load_address>0xfa74</load_address>
         <run_address>0xfa74</run_address>
         <size>0x17a</size>
         <input_file_ref idref="fl-a"/>
      </object_component>
      <object_component id="oc-198">
         <name>.debug_info</name>
         <load_address>0xfbee</load_address>
         <run_address>0xfbee</run_address>
         <size>0x6a6</size>
         <input_file_ref idref="fl-a"/>
      </object_component>
      <object_component id="oc-19d">
         <name>.debug_info</name>
         <load_address>0x10294</load_address>
         <run_address>0x10294</run_address>
         <size>0x13e</size>
         <input_file_ref idref="fl-a"/>
      </object_component>
      <object_component id="oc-1e9">
         <name>.debug_info</name>
         <load_address>0x103d2</load_address>
         <run_address>0x103d2</run_address>
         <size>0x284</size>
         <input_file_ref idref="fl-b"/>
      </object_component>
      <object_component id="oc-114">
         <name>.debug_info</name>
         <load_address>0x10656</load_address>
         <run_address>0x10656</run_address>
         <size>0x1ed</size>
         <input_file_ref idref="fl-b"/>
      </object_component>
      <object_component id="oc-20f">
         <name>.debug_info</name>
         <load_address>0x10843</load_address>
         <run_address>0x10843</run_address>
         <size>0x508</size>
         <input_file_ref idref="fl-b"/>
      </object_component>
      <object_component id="oc-2c2">
         <name>.debug_info</name>
         <load_address>0x10d4b</load_address>
         <run_address>0x10d4b</run_address>
         <size>0x43c</size>
         <input_file_ref idref="fl-b"/>
      </object_component>
      <object_component id="oc-2a6">
         <name>.debug_info</name>
         <load_address>0x11187</load_address>
         <run_address>0x11187</run_address>
         <size>0x2ed</size>
         <input_file_ref idref="fl-c"/>
      </object_component>
      <object_component id="oc-1c2">
         <name>.debug_info</name>
         <load_address>0x11474</load_address>
         <run_address>0x11474</run_address>
         <size>0xd2b</size>
         <input_file_ref idref="fl-c"/>
      </object_component>
      <object_component id="oc-3b">
         <name>.debug_info</name>
         <load_address>0x1219f</load_address>
         <run_address>0x1219f</run_address>
         <size>0x2cc</size>
         <input_file_ref idref="fl-c"/>
      </object_component>
      <object_component id="oc-1ba">
         <name>.debug_info</name>
         <load_address>0x1246b</load_address>
         <run_address>0x1246b</run_address>
         <size>0x31f</size>
         <input_file_ref idref="fl-d"/>
      </object_component>
      <object_component id="oc-cb">
         <name>.debug_info</name>
         <load_address>0x1278a</load_address>
         <run_address>0x1278a</run_address>
         <size>0xee</size>
         <input_file_ref idref="fl-d"/>
      </object_component>
      <object_component id="oc-158">
         <name>.debug_info</name>
         <load_address>0x12878</load_address>
         <run_address>0x12878</run_address>
         <size>0xc46</size>
         <input_file_ref idref="fl-d"/>
      </object_component>
      <object_component id="oc-42">
         <name>.debug_info</name>
         <load_address>0x134be</load_address>
         <run_address>0x134be</run_address>
         <size>0x23f</size>
         <input_file_ref idref="fl-d"/>
      </object_component>
      <object_component id="oc-294">
         <name>.debug_info</name>
         <load_address>0x136fd</load_address>
         <run_address>0x136fd</run_address>
         <size>0x91</size>
         <input_file_ref idref="fl-d"/>
      </object_component>
      <object_component id="oc-1ce">
         <name>.debug_info</name>
         <load_address>0x1378e</load_address>
         <run_address>0x1378e</run_address>
         <size>0x5f7</size>
         <input_file_ref idref="fl-e"/>
      </object_component>
      <object_component id="oc-1d2">
         <name>.debug_info</name>
         <load_address>0x13d85</load_address>
         <run_address>0x13d85</run_address>
         <size>0xfb</size>
         <input_file_ref idref="fl-e"/>
      </object_component>
      <object_component id="oc-cf">
         <name>.debug_info</name>
         <load_address>0x13e80</load_address>
         <run_address>0x13e80</run_address>
         <size>0x4a9</size>
         <input_file_ref idref="fl-e"/>
      </object_component>
      <object_component id="oc-2b0">
         <name>.debug_info</name>
         <load_address>0x14329</load_address>
         <run_address>0x14329</run_address>
         <size>0xc6</size>
         <input_file_ref idref="fl-e"/>
      </object_component>
      <object_component id="oc-87">
         <name>.debug_info</name>
         <load_address>0x143ef</load_address>
         <run_address>0x143ef</run_address>
         <size>0x7f8</size>
         <input_file_ref idref="fl-f"/>
      </object_component>
      <object_component id="oc-29f">
         <name>.debug_info</name>
         <load_address>0x14be7</load_address>
         <run_address>0x14be7</run_address>
         <size>0x334</size>
         <input_file_ref idref="fl-10"/>
      </object_component>
      <object_component id="oc-1bd">
         <name>.debug_info</name>
         <load_address>0x14f1b</load_address>
         <run_address>0x14f1b</run_address>
         <size>0xb07</size>
         <input_file_ref idref="fl-10"/>
      </object_component>
      <object_component id="oc-47">
         <name>.debug_info</name>
         <load_address>0x15a22</load_address>
         <run_address>0x15a22</run_address>
         <size>0x169</size>
         <input_file_ref idref="fl-10"/>
      </object_component>
      <object_component id="oc-4e">
         <name>.debug_info</name>
         <load_address>0x15b8b</load_address>
         <run_address>0x15b8b</run_address>
         <size>0x10b</size>
         <input_file_ref idref="fl-11"/>
      </object_component>
      <object_component id="oc-166">
         <name>.debug_info</name>
         <load_address>0x15c96</load_address>
         <run_address>0x15c96</run_address>
         <size>0x50b</size>
         <input_file_ref idref="fl-12"/>
      </object_component>
      <object_component id="oc-ab">
         <name>.debug_info</name>
         <load_address>0x161a1</load_address>
         <run_address>0x161a1</run_address>
         <size>0x215</size>
         <input_file_ref idref="fl-12"/>
      </object_component>
      <object_component id="oc-1b3">
         <name>.debug_info</name>
         <load_address>0x163b6</load_address>
         <run_address>0x163b6</run_address>
         <size>0xb8</size>
         <input_file_ref idref="fl-12"/>
      </object_component>
      <object_component id="oc-25c">
         <name>.debug_info</name>
         <load_address>0x1646e</load_address>
         <run_address>0x1646e</run_address>
         <size>0x2c</size>
         <input_file_ref idref="fl-12"/>
      </object_component>
      <object_component id="oc-2c8">
         <name>.debug_info</name>
         <load_address>0x1649a</load_address>
         <run_address>0x1649a</run_address>
         <size>0x2a3</size>
         <input_file_ref idref="fl-14"/>
      </object_component>
      <object_component id="oc-361">
         <name>.debug_info</name>
         <load_address>0x1673d</load_address>
         <run_address>0x1673d</run_address>
         <size>0x242</size>
         <input_file_ref idref="fl-14"/>
      </object_component>
      <object_component id="oc-219">
         <name>.debug_info</name>
         <load_address>0x1697f</load_address>
         <run_address>0x1697f</run_address>
         <size>0x2af</size>
         <input_file_ref idref="fl-14"/>
      </object_component>
      <object_component id="oc-52">
         <name>.debug_info</name>
         <load_address>0x16c2e</load_address>
         <run_address>0x16c2e</run_address>
         <size>0x140</size>
         <input_file_ref idref="fl-15"/>
      </object_component>
      <object_component id="oc-119">
         <name>.debug_info</name>
         <load_address>0x16d6e</load_address>
         <run_address>0x16d6e</run_address>
         <size>0x36a</size>
         <input_file_ref idref="fl-17"/>
      </object_component>
      <object_component id="oc-11e">
         <name>.debug_info</name>
         <load_address>0x170d8</load_address>
         <run_address>0x170d8</run_address>
         <size>0x679</size>
         <input_file_ref idref="fl-18"/>
      </object_component>
      <object_component id="oc-9f">
         <name>.debug_info</name>
         <load_address>0x17751</load_address>
         <run_address>0x17751</run_address>
         <size>0x2e92</size>
         <input_file_ref idref="fl-18"/>
      </object_component>
      <object_component id="oc-21">
         <name>.debug_info</name>
         <load_address>0x1a5e3</load_address>
         <run_address>0x1a5e3</run_address>
         <size>0x5e6</size>
         <input_file_ref idref="fl-19"/>
      </object_component>
      <object_component id="oc-93">
         <name>.debug_info</name>
         <load_address>0x1abc9</load_address>
         <run_address>0x1abc9</run_address>
         <size>0x139</size>
         <input_file_ref idref="fl-19"/>
      </object_component>
      <object_component id="oc-bb">
         <name>.debug_info</name>
         <load_address>0x1ad02</load_address>
         <run_address>0x1ad02</run_address>
         <size>0x60d</size>
         <input_file_ref idref="fl-1a"/>
      </object_component>
      <object_component id="oc-2c">
         <name>.debug_info</name>
         <load_address>0x1b30f</load_address>
         <run_address>0x1b30f</run_address>
         <size>0xe8</size>
         <input_file_ref idref="fl-1a"/>
      </object_component>
      <object_component id="oc-59">
         <name>.debug_info</name>
         <load_address>0x1b3f7</load_address>
         <run_address>0x1b3f7</run_address>
         <size>0x47a</size>
         <input_file_ref idref="fl-1a"/>
      </object_component>
      <object_component id="oc-5e">
         <name>.debug_info</name>
         <load_address>0x1b871</load_address>
         <run_address>0x1b871</run_address>
         <size>0x203</size>
         <input_file_ref idref="fl-1a"/>
      </object_component>
      <object_component id="oc-1a7">
         <name>.debug_info</name>
         <load_address>0x1ba74</load_address>
         <run_address>0x1ba74</run_address>
         <size>0x4f</size>
         <input_file_ref idref="fl-1a"/>
      </object_component>
      <object_component id="oc-117">
         <name>.debug_info</name>
         <load_address>0x1bac3</load_address>
         <run_address>0x1bac3</run_address>
         <size>0x526</size>
         <input_file_ref idref="fl-1b"/>
      </object_component>
      <object_component id="oc-98">
         <name>.debug_info</name>
         <load_address>0x1bfe9</load_address>
         <run_address>0x1bfe9</run_address>
         <size>0x7dd</size>
         <input_file_ref idref="fl-1b"/>
      </object_component>
      <object_component id="oc-163">
         <name>.debug_info</name>
         <load_address>0x1c7c6</load_address>
         <run_address>0x1c7c6</run_address>
         <size>0x50b</size>
         <input_file_ref idref="fl-2a"/>
      </object_component>
      <object_component id="oc-bd">
         <name>.debug_info</name>
         <load_address>0x1ccd1</load_address>
         <run_address>0x1ccd1</run_address>
         <size>0x3eb</size>
         <input_file_ref idref="fl-2a"/>
      </object_component>
      <object_component id="oc-2e2">
         <name>.debug_info</name>
         <load_address>0x1d0bc</load_address>
         <run_address>0x1d0bc</run_address>
         <size>0x28f</size>
         <input_file_ref idref="fl-30"/>
      </object_component>
      <object_component id="oc-242">
         <name>.debug_info</name>
         <load_address>0x1d34b</load_address>
         <run_address>0x1d34b</run_address>
         <size>0x1a0</size>
         <input_file_ref idref="fl-30"/>
      </object_component>
      <object_component id="oc-372">
         <name>.debug_info</name>
         <load_address>0x1d4eb</load_address>
         <run_address>0x1d4eb</run_address>
         <size>0x46</size>
         <input_file_ref idref="fl-30"/>
      </object_component>
      <object_component id="oc-2dd">
         <name>.debug_info</name>
         <load_address>0x1d531</load_address>
         <run_address>0x1d531</run_address>
         <size>0x39</size>
         <input_file_ref idref="fl-30"/>
      </object_component>
      <object_component id="oc-25b">
         <name>.debug_info</name>
         <load_address>0x1d56a</load_address>
         <run_address>0x1d56a</run_address>
         <size>0x333</size>
         <input_file_ref idref="fl-31"/>
      </object_component>
      <object_component id="oc-15f">
         <name>.debug_info</name>
         <load_address>0x1d89d</load_address>
         <run_address>0x1d89d</run_address>
         <size>0x1d1</size>
         <input_file_ref idref="fl-31"/>
      </object_component>
      <object_component id="oc-24f">
         <name>.debug_info</name>
         <load_address>0x1da6e</load_address>
         <run_address>0x1da6e</run_address>
         <size>0x198</size>
         <input_file_ref idref="fl-31"/>
      </object_component>
      <object_component id="oc-255">
         <name>.debug_info</name>
         <load_address>0x1dc06</load_address>
         <run_address>0x1dc06</run_address>
         <size>0x16d</size>
         <input_file_ref idref="fl-31"/>
      </object_component>
      <object_component id="oc-3ca">
         <name>.debug_info</name>
         <load_address>0x1dd73</load_address>
         <run_address>0x1dd73</run_address>
         <size>0x2c</size>
         <input_file_ref idref="fl-31"/>
      </object_component>
      <object_component id="oc-6f">
         <name>.debug_info</name>
         <load_address>0x1dd9f</load_address>
         <run_address>0x1dd9f</run_address>
         <size>0x119</size>
         <input_file_ref idref="fl-32"/>
      </object_component>
      <object_component id="oc-103">
         <name>.debug_info</name>
         <load_address>0x1deb8</load_address>
         <run_address>0x1deb8</run_address>
         <size>0x147</size>
         <input_file_ref idref="fl-33"/>
      </object_component>
      <object_component id="oc-233">
         <name>.debug_info</name>
         <load_address>0x1dfff</load_address>
         <run_address>0x1dfff</run_address>
         <size>0x4b3</size>
         <input_file_ref idref="fl-34"/>
      </object_component>
      <object_component id="oc-127">
         <name>.debug_info</name>
         <load_address>0x1e4b2</load_address>
         <run_address>0x1e4b2</run_address>
         <size>0x1a6</size>
         <input_file_ref idref="fl-34"/>
      </object_component>
      <object_component id="oc-2cb">
         <name>.debug_info</name>
         <load_address>0x1e658</load_address>
         <run_address>0x1e658</run_address>
         <size>0x39</size>
         <input_file_ref idref="fl-34"/>
      </object_component>
      <object_component id="oc-366">
         <name>.debug_info</name>
         <load_address>0x1e691</load_address>
         <run_address>0x1e691</run_address>
         <size>0x39</size>
         <input_file_ref idref="fl-34"/>
      </object_component>
      <object_component id="oc-2d0">
         <name>.debug_info</name>
         <load_address>0x1e6ca</load_address>
         <run_address>0x1e6ca</run_address>
         <size>0x39</size>
         <input_file_ref idref="fl-34"/>
      </object_component>
      <object_component id="oc-2d5">
         <name>.debug_info</name>
         <load_address>0x1e703</load_address>
         <run_address>0x1e703</run_address>
         <size>0xcd</size>
         <input_file_ref idref="fl-34"/>
      </object_component>
      <object_component id="oc-101">
         <name>.debug_info</name>
         <load_address>0x1e7d0</load_address>
         <run_address>0x1e7d0</run_address>
         <size>0x2d4</size>
         <input_file_ref idref="fl-36"/>
      </object_component>
      <object_component id="oc-7b">
         <name>.debug_info</name>
         <load_address>0x1eaa4</load_address>
         <run_address>0x1eaa4</run_address>
         <size>0x1d2</size>
         <input_file_ref idref="fl-36"/>
      </object_component>
      <object_component id="oc-fc">
         <name>.debug_info</name>
         <load_address>0x1ec76</load_address>
         <run_address>0x1ec76</run_address>
         <size>0x46</size>
         <input_file_ref idref="fl-36"/>
      </object_component>
      <object_component id="oc-79">
         <name>.debug_info</name>
         <load_address>0x1ecbc</load_address>
         <run_address>0x1ecbc</run_address>
         <size>0x2a3</size>
         <input_file_ref idref="fl-37"/>
      </object_component>
      <object_component id="oc-19">
         <name>.debug_info</name>
         <load_address>0x1ef5f</load_address>
         <run_address>0x1ef5f</run_address>
         <size>0x1d5</size>
         <input_file_ref idref="fl-37"/>
      </object_component>
      <object_component id="oc-74">
         <name>.debug_info</name>
         <load_address>0x1f134</load_address>
         <run_address>0x1f134</run_address>
         <size>0x46</size>
         <input_file_ref idref="fl-37"/>
      </object_component>
      <object_component id="oc-f4">
         <name>.debug_info</name>
         <load_address>0x1f17a</load_address>
         <run_address>0x1f17a</run_address>
         <size>0x2c</size>
         <input_file_ref idref="fl-37"/>
      </object_component>
      <object_component id="oc-f2">
         <name>.debug_info</name>
         <load_address>0x1f1a6</load_address>
         <run_address>0x1f1a6</run_address>
         <size>0x29e</size>
         <input_file_ref idref="fl-38"/>
      </object_component>
      <object_component id="oc-14">
         <name>.debug_info</name>
         <load_address>0x1f444</load_address>
         <run_address>0x1f444</run_address>
         <size>0x250</size>
         <input_file_ref idref="fl-38"/>
      </object_component>
      <object_component id="oc-64">
         <name>.debug_info</name>
         <load_address>0x1f694</load_address>
         <run_address>0x1f694</run_address>
         <size>0x60</size>
         <input_file_ref idref="fl-38"/>
      </object_component>
      <object_component id="oc-1d8">
         <name>.debug_info</name>
         <load_address>0x1f6f4</load_address>
         <run_address>0x1f6f4</run_address>
         <size>0x46</size>
         <input_file_ref idref="fl-38"/>
      </object_component>
      <object_component id="oc-ed">
         <name>.debug_info</name>
         <load_address>0x1f73a</load_address>
         <run_address>0x1f73a</run_address>
         <size>0x39</size>
         <input_file_ref idref="fl-38"/>
      </object_component>
      <object_component id="oc-172">
         <name>.debug_info</name>
         <load_address>0x1f773</load_address>
         <run_address>0x1f773</run_address>
         <size>0x122</size>
         <input_file_ref idref="fl-39"/>
      </object_component>
      <object_component id="oc-320">
         <name>.debug_info</name>
         <load_address>0x1f895</load_address>
         <run_address>0x1f895</run_address>
         <size>0x595</size>
         <input_file_ref idref="fl-3b"/>
      </object_component>
      <object_component id="oc-2f1">
         <name>.debug_info</name>
         <load_address>0x1fe2a</load_address>
         <run_address>0x1fe2a</run_address>
         <size>0x219</size>
         <input_file_ref idref="fl-3b"/>
      </object_component>
      <object_component id="oc-38e">
         <name>.debug_info</name>
         <load_address>0x20043</load_address>
         <run_address>0x20043</run_address>
         <size>0x1b3</size>
         <input_file_ref idref="fl-3b"/>
      </object_component>
      <object_component id="oc-394">
         <name>.debug_info</name>
         <load_address>0x201f6</load_address>
         <run_address>0x201f6</run_address>
         <size>0x21b</size>
         <input_file_ref idref="fl-3b"/>
      </object_component>
      <object_component id="oc-2f7">
         <name>.debug_info</name>
         <load_address>0x20411</load_address>
         <run_address>0x20411</run_address>
         <size>0x2c9</size>
         <input_file_ref idref="fl-3b"/>
      </object_component>
      <object_component id="oc-39b">
         <name>.debug_info</name>
         <load_address>0x206da</load_address>
         <run_address>0x206da</run_address>
         <size>0x229</size>
         <input_file_ref idref="fl-3b"/>
      </object_component>
      <object_component id="oc-3a0">
         <name>.debug_info</name>
         <load_address>0x20903</load_address>
         <run_address>0x20903</run_address>
         <size>0x215</size>
         <input_file_ref idref="fl-3b"/>
      </object_component>
      <object_component id="oc-2fc">
         <name>.debug_info</name>
         <load_address>0x20b18</load_address>
         <run_address>0x20b18</run_address>
         <size>0x215</size>
         <input_file_ref idref="fl-3b"/>
      </object_component>
      <object_component id="oc-303">
         <name>.debug_info</name>
         <load_address>0x20d2d</load_address>
         <run_address>0x20d2d</run_address>
         <size>0x240</size>
         <input_file_ref idref="fl-3b"/>
      </object_component>
      <object_component id="oc-309">
         <name>.debug_info</name>
         <load_address>0x20f6d</load_address>
         <run_address>0x20f6d</run_address>
         <size>0x35e</size>
         <input_file_ref idref="fl-3b"/>
      </object_component>
      <object_component id="oc-249">
         <name>.debug_info</name>
         <load_address>0x212cb</load_address>
         <run_address>0x212cb</run_address>
         <size>0x5df</size>
         <input_file_ref idref="fl-3b"/>
      </object_component>
      <object_component id="oc-321">
         <name>.debug_info</name>
         <load_address>0x218aa</load_address>
         <run_address>0x218aa</run_address>
         <size>0x86</size>
         <input_file_ref idref="fl-3b"/>
      </object_component>
      <object_component id="oc-3cf">
         <name>.debug_info</name>
         <load_address>0x21930</load_address>
         <run_address>0x21930</run_address>
         <size>0x39</size>
         <input_file_ref idref="fl-3b"/>
      </object_component>
      <object_component id="oc-40d">
         <name>.debug_info</name>
         <load_address>0x21969</load_address>
         <run_address>0x21969</run_address>
         <size>0xb6</size>
         <input_file_ref idref="fl-3b"/>
      </object_component>
      <object_component id="oc-3d4">
         <name>.debug_info</name>
         <load_address>0x21a1f</load_address>
         <run_address>0x21a1f</run_address>
         <size>0x46</size>
         <input_file_ref idref="fl-3b"/>
      </object_component>
      <object_component id="oc-326">
         <name>.debug_info</name>
         <load_address>0x21a65</load_address>
         <run_address>0x21a65</run_address>
         <size>0x46</size>
         <input_file_ref idref="fl-3b"/>
      </object_component>
      <object_component id="oc-383">
         <name>.debug_info</name>
         <load_address>0x21aab</load_address>
         <run_address>0x21aab</run_address>
         <size>0x14a</size>
         <input_file_ref idref="fl-3c"/>
      </object_component>
      <object_component id="oc-3ea">
         <name>.debug_info</name>
         <load_address>0x21bf5</load_address>
         <run_address>0x21bf5</run_address>
         <size>0x29c</size>
         <input_file_ref idref="fl-3d"/>
      </object_component>
      <object_component id="oc-387">
         <name>.debug_info</name>
         <load_address>0x21e91</load_address>
         <run_address>0x21e91</run_address>
         <size>0x1da</size>
         <input_file_ref idref="fl-3d"/>
      </object_component>
      <object_component id="oc-37f">
         <name>.debug_info</name>
         <load_address>0x2206b</load_address>
         <run_address>0x2206b</run_address>
         <size>0x2b9</size>
         <input_file_ref idref="fl-3e"/>
      </object_component>
      <object_component id="oc-2eb">
         <name>.debug_info</name>
         <load_address>0x22324</load_address>
         <run_address>0x22324</run_address>
         <size>0x17c</size>
         <input_file_ref idref="fl-3e"/>
      </object_component>
      <object_component id="oc-3e0">
         <name>.debug_info</name>
         <load_address>0x224a0</load_address>
         <run_address>0x224a0</run_address>
         <size>0xf9</size>
         <input_file_ref idref="fl-3f"/>
      </object_component>
      <object_component id="oc-37c">
         <name>.debug_info</name>
         <load_address>0x22599</load_address>
         <run_address>0x22599</run_address>
         <size>0x105</size>
         <input_file_ref idref="fl-3f"/>
      </object_component>
      <object_component id="oc-3bb">
         <name>.debug_info</name>
         <load_address>0x2269e</load_address>
         <run_address>0x2269e</run_address>
         <size>0x2a7</size>
         <input_file_ref idref="fl-40"/>
      </object_component>
      <object_component id="oc-311">
         <name>.debug_info</name>
         <load_address>0x22945</load_address>
         <run_address>0x22945</run_address>
         <size>0x1b8</size>
         <input_file_ref idref="fl-40"/>
      </object_component>
      <object_component id="oc-3ff">
         <name>.debug_info</name>
         <load_address>0x22afd</load_address>
         <run_address>0x22afd</run_address>
         <size>0x29a</size>
         <input_file_ref idref="fl-41"/>
      </object_component>
      <object_component id="oc-3b4">
         <name>.debug_info</name>
         <load_address>0x22d97</load_address>
         <run_address>0x22d97</run_address>
         <size>0x262</size>
         <input_file_ref idref="fl-41"/>
      </object_component>
      <object_component id="oc-37a">
         <name>.debug_info</name>
         <load_address>0x22ff9</load_address>
         <run_address>0x22ff9</run_address>
         <size>0x28f</size>
         <input_file_ref idref="fl-42"/>
      </object_component>
      <object_component id="oc-2e4">
         <name>.debug_info</name>
         <load_address>0x23288</load_address>
         <run_address>0x23288</run_address>
         <size>0x245</size>
         <input_file_ref idref="fl-42"/>
      </object_component>
      <object_component id="oc-3c7">
         <name>.debug_info</name>
         <load_address>0x234cd</load_address>
         <run_address>0x234cd</run_address>
         <size>0x289</size>
         <input_file_ref idref="fl-43"/>
      </object_component>
      <object_component id="oc-3c4">
         <name>.debug_info</name>
         <load_address>0x23756</load_address>
         <run_address>0x23756</run_address>
         <size>0x10e</size>
         <input_file_ref idref="fl-43"/>
      </object_component>
      <object_component id="oc-31a">
         <name>.debug_info</name>
         <load_address>0x23864</load_address>
         <run_address>0x23864</run_address>
         <size>0x14e</size>
         <input_file_ref idref="fl-43"/>
      </object_component>
      <object_component id="oc-3c2">
[...]
      </symbol>
      <symbol id="sm-575">
         <name>_pmuResetCycleCounter_</name>
         <value>0xaaec</value>
         <object_component_ref idref="oc-118"/>
      </symbol>
      <symbol id="sm-576">
         <name>_pmuSetCountEvent_</name>
         <value>0xab2c</value>
         <object_component_ref idref="oc-118"/>
      </symbol>
      <symbol id="sm-577">
         <name>_pmuGetCycleCount_</name>
         <value>0xab38</value>
         <object_component_ref idref="oc-118"/>
      </symbol>
      <symbol id="sm-578">
         <name>_pmuEnableCountersGlobal_</name>
         <value>0xaacc</value>
         <object_component_ref idref="oc-118"/>
      </symbol>
      <symbol id="sm-579">
         <name>_pmuDisableCountersGlobal_</name>
         <value>0xaadc</value>
         <object_component_ref idref="oc-118"/>
      </symbol>
      <symbol id="sm-57a">
         <name>_pmuStartCounters_</name>
         <value>0xab1c</value>
         <object_component_ref idref="oc-118"/>
      </symbol>
      <symbol id="sm-73a">
         <name>pbistSelfCheck</name>
         <value>0x2cc</value>
         <object_component_ref idref="oc-9d"/>
      </symbol>
      <symbol id="sm-73b">
         <name>fmcBus1ParityCheck</name>
         <value>0x22c4</value>
         <object_component_ref idref="oc-9d"/>
      </symbol>
      <symbol id="sm-73c">
         <name>can1ParityCheck</name>
         <value>0x1410</value>
         <object_component_ref idref="oc-9d"/>
      </symbol>
      <symbol id="sm-73d">
         <name>enableParity</name>
         <value>0x2ad0</value>
         <object_component_ref idref="oc-9d"/>
      </symbol>
      <symbol id="sm-73e">
         <name>dmaParityCheck</name>
         <value>0xeac</value>
         <object_component_ref idref="oc-9d"/>
      </symbol>
      <symbol id="sm-73f">
         <name>custom_dabort</name>
         <value>0xdf4</value>
         <object_component_ref idref="oc-9d"/>
      </symbol>
      <symbol id="sm-740">
         <name>memoryInit</name>
         <value>0x174</value>
         <object_component_ref idref="oc-9d"/>
      </symbol>
      <symbol id="sm-741">
         <name>stcSelfCheck</name>
         <value>0x1b8</value>
         <object_component_ref idref="oc-9d"/>
      </symbol>
      <symbol id="sm-742">
         <name>efcGetConfigValue</name>
         <value>0x2660</value>
         <object_component_ref idref="oc-9d"/>
      </symbol>
      <symbol id="sm-743">
         <name>can2ParityCheck</name>
         <value>0x14e8</value>
         <object_component_ref idref="oc-9d"/>
      </symbol>
      <symbol id="sm-744">
         <name>het1ParityCheck</name>
         <value>0xf58</value>
         <object_component_ref idref="oc-9d"/>
      </symbol>
      <symbol id="sm-745">
         <name>adc1ParityCheck</name>
         <value>0x126c</value>
         <object_component_ref idref="oc-9d"/>
      </symbol>
      <symbol id="sm-746">
         <name>checkefcSelfTest</name>
         <value>0x7bc</value>
         <object_component_ref idref="oc-9d"/>
      </symbol>
      <symbol id="sm-747">
         <name>checkRAMECC</name>
         <value>0x19d0</value>
         <object_component_ref idref="oc-9d"/>
      </symbol>
      <symbol id="sm-748">
         <name>stcSelfCheckFail</name>
         <value>0xdf8</value>
         <object_component_ref idref="oc-9d"/>
      </symbol>
      <symbol id="sm-749">
         <name>ccmSelfCheck</name>
         <value>0x30</value>
         <object_component_ref idref="oc-9d"/>
      </symbol>
      <symbol id="sm-74a">
         <name>efcCheck</name>
         <value>0x660</value>
         <object_component_ref idref="oc-9d"/>
      </symbol>
      <symbol id="sm-74b">
         <name>het2ParityCheck</name>
         <value>0x10c0</value>
         <object_component_ref idref="oc-9d"/>
      </symbol>
      <symbol id="sm-74c">
         <name>adc2ParityCheck</name>
         <value>0x1358</value>
         <object_component_ref idref="oc-9d"/>
      </symbol>
      <symbol id="sm-74d">
         <name>cpuSelfTest</name>
         <value>0x234</value>
         <object_component_ref idref="oc-9d"/>
      </symbol>
      <symbol id="sm-74e">
         <name>htu1ParityCheck</name>
         <value>0x1004</value>
         <object_component_ref idref="oc-9d"/>
      </symbol>
      <symbol id="sm-74f">
         <name>checkFlashECC</name>
         <value>0xd18</value>
         <object_component_ref idref="oc-9d"/>
      </symbol>
      <symbol id="sm-750">
         <name>cpuSelfTestFail</name>
         <value>0xdfc</value>
         <object_component_ref idref="oc-9d"/>
      </symbol>
      <symbol id="sm-751">
         <name>checkPLL1Slip</name>
         <value>0x1e8c</value>
         <object_component_ref idref="oc-9d"/>
      </symbol>
      <symbol id="sm-752">
         <name>mibspi1ParityCheck</name>
         <value>0x1684</value>
         <object_component_ref idref="oc-9d"/>
      </symbol>
      <symbol id="sm-753">
         <name>ccmr4GetConfigValue</name>
         <value>0x26fc</value>
         <object_component_ref idref="oc-9d"/>
      </symbol>
      <symbol id="sm-754">
         <name>htu2ParityCheck</name>
         <value>0x11bc</value>
         <object_component_ref idref="oc-9d"/>
      </symbol>
      <symbol id="sm-755">
         <name>pbistPortTestStatus</name>
         <value>0x608</value>
         <object_component_ref idref="oc-9d"/>
      </symbol>
      <symbol id="sm-756">
         <name>checkFlashEEPROMECC</name>
         <value>0x1cf4</value>
         <object_component_ref idref="oc-9d"/>
      </symbol>
      <symbol id="sm-757">
         <name>pbistGetConfigValue</name>
         <value>0x2470</value>
         <object_component_ref idref="oc-9d"/>
      </symbol>
      <symbol id="sm-758">
         <name>vimParityCheck</name>
         <value>0xe00</value>
         <object_component_ref idref="oc-9d"/>
      </symbol>
      <symbol id="sm-759">
         <name>pbistIsTestCompleted</name>
         <value>0x5a8</value>
         <object_component_ref idref="oc-9d"/>
      </symbol>
      <symbol id="sm-75a">
         <name>disableParity</name>
         <value>0x2b58</value>
         <object_component_ref idref="oc-9d"/>
      </symbol>
      <symbol id="sm-75b">
         <name>pbistRun</name>
         <value>0x4ac</value>
         <object_component_ref idref="oc-9d"/>
      </symbol>
      <symbol id="sm-75c">
         <name>pbistFail</name>
         <value>0x23ec</value>
         <object_component_ref idref="oc-9d"/>
      </symbol>
      <symbol id="sm-75d">
         <name>selftestFailNotification</name>
         <value>0x20</value>
         <object_component_ref idref="oc-9d"/>
      </symbol>
      <symbol id="sm-75e">
         <name>errata_PBIST_4</name>
         <value>0x276c</value>
         <object_component_ref idref="oc-9d"/>
      </symbol>
      <symbol id="sm-75f">
         <name>mibspi3ParityCheck</name>
         <value>0x178c</value>
         <object_component_ref idref="oc-9d"/>
      </symbol>
      <symbol id="sm-760">
         <name>efcSelfTest</name>
         <value>0x794</value>
         <object_component_ref idref="oc-9d"/>
      </symbol>
      <symbol id="sm-761">
         <name>checkB1RAMECC</name>
         <value>0xb28</value>
         <object_component_ref idref="oc-9d"/>
      </symbol>
      <symbol id="sm-762">
         <name>pbistStop</name>
         <value>0x578</value>
         <object_component_ref idref="oc-9d"/>
      </symbol>
      <symbol id="sm-763">
         <name>can3ParityCheck</name>
         <value>0x15b0</value>
         <object_component_ref idref="oc-9d"/>
      </symbol>
      <symbol id="sm-764">
         <name>checkRAMAddrParity</name>
         <value>0x2050</value>
         <object_component_ref idref="oc-9d"/>
      </symbol>
      <symbol id="sm-765">
         <name>mibspi5ParityCheck</name>
         <value>0x18b0</value>
         <object_component_ref idref="oc-9d"/>
      </symbol>
      <symbol id="sm-766">
         <name>checkB0RAMECC</name>
         <value>0x938</value>
         <object_component_ref idref="oc-9d"/>
      </symbol>
      <symbol id="sm-767">
         <name>stcGetConfigValue</name>
         <value>0x25bc</value>
         <object_component_ref idref="oc-9d"/>
      </symbol>
      <symbol id="sm-768">
         <name>pbistIsTestPassed</name>
         <value>0x5d4</value>
         <object_component_ref idref="oc-9d"/>
      </symbol>
      <symbol id="sm-769">
         <name>checkClockMonitor</name>
         <value>0x1c18</value>
         <object_component_ref idref="oc-9d"/>
      </symbol>
      <symbol id="sm-76a">
         <name>fmcECCcheck</name>
         <value>0x898</value>
         <object_component_ref idref="oc-9d"/>
      </symbol>
      <symbol id="sm-76b">
         <name>fmcBus2Check</name>
         <value>0x85c</value>
         <object_component_ref idref="oc-9d"/>
      </symbol>
      <symbol id="sm-76c">
         <name>checkRAMUERRTest</name>
         <value>0x215c</value>
         <object_component_ref idref="oc-9d"/>
      </symbol>
      <symbol id="sm-76d">
         <name>efcStuckZeroTest</name>
         <value>0x6e8</value>
         <object_component_ref idref="oc-9d"/>
      </symbol>
      <symbol id="sm-76e">
         <name>checkPLL2Slip</name>
         <value>0x1f8c</value>
         <object_component_ref idref="oc-9d"/>
      </symbol>
      <symbol id="sm-7a0">
         <name>_c_int00</name>
         <value>0x9824</value>
         <object_component_ref idref="oc-1f"/>
      </symbol>
      <symbol id="sm-7a1">
         <name>handlePLLLockFail</name>
         <value>0xb278</value>
         <object_component_ref idref="oc-91"/>
      </symbol>
      <symbol id="sm-850">
         <name>vimChannelMap</name>
         <value>0x4420</value>
         <object_component_ref idref="oc-58"/>
      </symbol>
      <symbol id="sm-851">
         <name>vimInit</name>
         <value>0x434c</value>
         <object_component_ref idref="oc-58"/>
      </symbol>
      <symbol id="sm-852">
         <name>vimEnableInterrupt</name>
         <value>0x44c4</value>
         <object_component_ref idref="oc-58"/>
      </symbol>
      <symbol id="sm-853">
         <name>vimDisableInterrupt</name>
         <value>0x468c</value>
         <object_component_ref idref="oc-58"/>
      </symbol>
      <symbol id="sm-854">
         <name>vimGetConfigValue</name>
         <value>0x4738</value>
         <object_component_ref idref="oc-58"/>
      </symbol>
      <symbol id="sm-855">
         <name>vimParityErrorHandler</name>
         <value>0x8d40</value>
         <object_component_ref idref="oc-57"/>
      </symbol>
      <symbol id="sm-8b0">
         <name>systemGetConfigValue</name>
         <value>0x3088</value>
         <object_component_ref idref="oc-97"/>
      </symbol>
      <symbol id="sm-8b1">
         <name>trimLPO</name>
         <value>0x2d5c</value>
         <object_component_ref idref="oc-97"/>
      </symbol>
      <symbol id="sm-8b2">
         <name>systemInit</name>
         <value>0x2f8c</value>
         <object_component_ref idref="oc-97"/>
      </symbol>
      <symbol id="sm-8b3">
         <name>customTrimLPO</name>
         <value>0x3784</value>
         <object_component_ref idref="oc-97"/>
      </symbol>
      <symbol id="sm-8b4">
         <name>tcmflashGetConfigValue</name>
         <value>0x349c</value>
         <object_component_ref idref="oc-97"/>
      </symbol>
      <symbol id="sm-8b5">
         <name>sramGetConfigValue</name>
         <value>0x3648</value>
         <object_component_ref idref="oc-97"/>
      </symbol>
      <symbol id="sm-8b6">
         <name>periphInit</name>
         <value>0x2e10</value>
         <object_component_ref idref="oc-97"/>
      </symbol>
      <symbol id="sm-8b7">
         <name>setupFlash</name>
         <value>0x2dd0</value>
         <object_component_ref idref="oc-97"/>
      </symbol>
      <symbol id="sm-8b8">
         <name>setupPLL</name>
         <value>0x2cfc</value>
         <object_component_ref idref="oc-97"/>
      </symbol>
      <symbol id="sm-8b9">
         <name>mapClocks</name>
         <value>0x2e64</value>
         <object_component_ref idref="oc-97"/>
      </symbol>
      <symbol id="sm-8ba">
         <name>systemPowerDown</name>
         <value>0x3058</value>
         <object_component_ref idref="oc-97"/>
      </symbol>
      <symbol id="sm-8ed">
         <name>right_wheel</name>
         <value>0x800161c</value>
      </symbol>
      <symbol id="sm-8ee">
         <name>left_wheel</name>
         <value>0x800160c</value>
      </symbol>
      <symbol id="sm-8ef">
         <name>ecapNotification</name>
         <value>0x96b4</value>
         <object_component_ref idref="oc-bc"/>
      </symbol>
      <symbol id="sm-8f0">
         <name>init_wheel</name>
         <value>0x9574</value>
         <object_component_ref idref="oc-bc"/>
      </symbol>
      <symbol id="sm-8f1">
         <name>get_wheel_rpm</name>
         <value>0x9658</value>
         <object_component_ref idref="oc-bc"/>
      </symbol>
      <symbol id="sm-917">
         <name>floorl</name>
         <value>0xa9a1</value>
         <object_component_ref idref="oc-241"/>
      </symbol>
      <symbol id="sm-918">
         <name>floor</name>
         <value>0xa9a1</value>
         <object_component_ref idref="oc-241"/>
      </symbol>
      <symbol id="sm-93f">
         <name>sprintf</name>
         <value>0xb159</value>
         <object_component_ref idref="oc-15c"/>
      </symbol>
      <symbol id="sm-95a">
         <name>memcpy</name>
         <value>0xacb5</value>
         <object_component_ref idref="oc-6e"/>
      </symbol>
      <symbol id="sm-95b">
         <name>__aeabi_memcpy</name>
         <value>0xacb5</value>
         <object_component_ref idref="oc-6e"/>
      </symbol>
      <symbol id="sm-95c">
         <name>__aeabi_memcpy8</name>
         <value>0xacb5</value>
         <object_component_ref idref="oc-6e"/>
      </symbol>
      <symbol id="sm-95d">
         <name>__aeabi_memcpy4</name>
         <value>0xacb5</value>
         <object_component_ref idref="oc-6e"/>
      </symbol>
      <symbol id="sm-96c">
         <name>__aeabi_memset</name>
         <value>0xadcd</value>
         <object_component_ref idref="oc-102"/>
      </symbol>
      <symbol id="sm-96d">
         <name>memset</name>
         <value>0xadd3</value>
         <object_component_ref idref="oc-102"/>
      </symbol>
      <symbol id="sm-96e">
         <name>__aeabi_memset8</name>
         <value>0xadcd</value>
         <object_component_ref idref="oc-102"/>
      </symbol>
      <symbol id="sm-96f">
         <name>__aeabi_memset4</name>
         <value>0xadcd</value>
         <object_component_ref idref="oc-102"/>
      </symbol>
      <symbol id="sm-970">
         <name>__aeabi_memclr8</name>
         <value>0xadcb</value>
         <object_component_ref idref="oc-102"/>
      </symbol>
      <symbol id="sm-971">
         <name>__aeabi_memclr4</name>
         <value>0xadcb</value>
         <object_component_ref idref="oc-102"/>
      </symbol>
      <symbol id="sm-972">
         <name>__aeabi_memclr</name>
         <value>0xadcb</value>
         <object_component_ref idref="oc-102"/>
      </symbol>
      <symbol id="sm-99a">
         <name>__TI_auto_init_nobinit_nopinit</name>
         <value>0xb0d5</value>
         <object_component_ref idref="oc-126"/>
      </symbol>
      <symbol id="sm-9af">
         <name>__TI_zero_init_nomemset</name>
         <value>0xb1dd</value>
         <object_component_ref idref="oc-7a"/>
      </symbol>
      <symbol id="sm-9c6">
         <name>__TI_decompress_none</name>
         <value>0xb251</value>
         <object_component_ref idref="oc-18"/>
      </symbol>
      <symbol id="sm-9e9">
         <name>__TI_decompress_lzss</name>
         <value>0xaeb9</value>
         <object_component_ref idref="oc-12"/>
      </symbol>
      <symbol id="sm-9f4">
         <name>C$$EXIT</name>
         <value>0xb271</value>
         <object_component_ref idref="oc-16f"/>
      </symbol>
      <symbol id="sm-9f5">
         <name>abort</name>
         <value>0xb271</value>
         <object_component_ref idref="oc-16f"/>
      </symbol>
      <symbol id="sm-b4d">
         <name>__TI_printfi</name>
         <value>0x4da1</value>
         <object_component_ref idref="oc-248"/>
      </symbol>
      <symbol id="sm-b68">
         <name>__aeabi_uldivmod</name>
         <value>0x900c</value>
         <object_component_ref idref="oc-380"/>
      </symbol>
      <symbol id="sm-b77">
         <name>__TI_ltoa</name>
         <value>0xaf8d</value>
         <object_component_ref idref="oc-386"/>
      </symbol>
      <symbol id="sm-b8c">
         <name>atoi</name>
         <value>0xb085</value>
         <object_component_ref idref="oc-2e9"/>
      </symbol>
      <symbol id="sm-b97">
         <name>_ctypes_</name>
         <value>0xb47c</value>
         <object_component_ref idref="oc-37b"/>
      </symbol>
      <symbol id="sm-ba7">
         <name>memccpy</name>
         <value>0xb199</value>
         <object_component_ref idref="oc-30d"/>
      </symbol>
      <symbol id="sm-bb7">
         <name>strchr</name>
         <value>0xb213</value>
         <object_component_ref idref="oc-3b3"/>
      </symbol>
      <symbol id="sm-bc5">
         <name>strlen</name>
         <value>0xb229</value>
         <object_component_ref idref="oc-2e3"/>
      </symbol>
      <symbol id="sm-bdb">
         <name>__aeabi_errno_addr</name>
         <value>0xb269</value>
         <object_component_ref idref="oc-319"/>
      </symbol>
      <symbol id="sm-bdc">
         <name>errno</name>
         <value>0x800162c</value>
         <object_component_ref idref="oc-3c3"/>
      </symbol>
      <symbol id="sm-bf5">
         <name>wcslen</name>
         <value>0xb23f</value>
         <object_component_ref idref="oc-313"/>
      </symbol>
      <symbol id="sm-c13">
         <name>frexpl</name>
         <value>0xae45</value>
         <object_component_ref idref="oc-3a7"/>
      </symbol>
      <symbol id="sm-c14">
         <name>frexp</name>
         <value>0xae45</value>
         <object_component_ref idref="oc-3a7"/>
      </symbol>
      <symbol id="sm-c31">
         <name>scalbn</name>
         <value>0xa7c9</value>
         <object_component_ref idref="oc-3ad"/>
      </symbol>
      <symbol id="sm-c32">
         <name>scalbnl</name>
         <value>0xa7c9</value>
         <object_component_ref idref="oc-3ad"/>
      </symbol>
      <symbol id="sm-c33">
         <name>ldexpl</name>
         <value>0xa7c9</value>
         <object_component_ref idref="oc-3ad"/>
      </symbol>
      <symbol id="sm-c34">
         <name>ldexp</name>
         <value>0xa7c9</value>
         <object_component_ref idref="oc-3ad"/>
      </symbol>
      <symbol id="sm-c3e">
         <name>__aeabi_idiv0</name>
         <value>0x57ef</value>
         <object_component_ref idref="oc-3e3"/>
      </symbol>
      <symbol id="sm-c3f">
         <name>__aeabi_ldiv0</name>
         <value>0x57ef</value>
         <object_component_ref idref="oc-3e3"/>
      </symbol>
      <symbol id="sm-c49">
         <name>copysign</name>
         <value>0xb1bf</value>
         <object_component_ref idref="oc-3f6"/>
      </symbol>
      <symbol id="sm-c4a">
         <name>copysignl</name>
         <value>0xb1bf</value>
         <object_component_ref idref="oc-3f6"/>
      </symbol>
      <symbol id="sm-c5b">
         <name>__TI_static_base__</name>
         <value>0x0</value>
      </symbol>
      <symbol id="sm-c5e">
         <name>SHT$$INIT_ARRAY$$Base</name>
         <value>0x0</value>
      </symbol>
      <symbol id="sm-c5f">
         <name>SHT$$INIT_ARRAY$$Limit</name>
         <value>0x0</value>
      </symbol>
      <symbol id="sm-c60">
         <name>_system_post_cinit</name>
         <value>0x0</value>
      </symbol>
   </symbol_table>
   <title>Link successful</title>
</link_info>
