<?xml version="1.0" encoding="ISO-8859-1" ?>
<link_info>
   <banner>TI ARM Linker PC v20.2.7.LTS</banner>
   <copyright>Copyright (c) 1996-2018 Texas Instruments Incorporated</copyright>
   <link_time>0x6a41db3b</link_time>
   <link_errors>0x0</link_errors>
   <output_file>adc2can_front.out</output_file>
   <entry_point>
      <name>_c_int00</name>
      <address>0x11f24</address>
   </entry_point>
   <input_file_list>
      <input_file id="fl-2">
         <path>.\source\</path>
         <kind>object</kind>
         <file>Device_TMS570LS12.obj</file>
         <name>Device_TMS570LS12.obj</name>
      </input_file>
      <input_file id="fl-3">
         <path>.\source\</path>
         <kind>object</kind>
         <file>Fapi_UserDefinedFunctions.obj</file>
         <name>Fapi_UserDefinedFunctions.obj</name>
      </input_file>
      <input_file id="fl-4">
         <path>.\source\</path>
         <kind>object</kind>
         <file>adc.obj</file>
         <name>adc.obj</name>
      </input_file>
      <input_file id="fl-5">
         <path>.\source\</path>
         <kind>object</kind>
         <file>adc_wrapper.obj</file>
         <name>adc_wrapper.obj</name>
      </input_file>
      <input_file id="fl-6">
         <path>.\source\</path>
         <kind>object</kind>
         <file>can.obj</file>
         <name>can.obj</name>
      </input_file>
      <input_file id="fl-7">
         <path>.\source\</path>
         <kind>object</kind>
         <file>dabort.obj</file>
         <name>dabort.obj</name>
      </input_file>
      <input_file id="fl-8">
         <path>.\source\</path>
         <kind>object</kind>
         <file>ecap.obj</file>
         <name>ecap.obj</name>
      </input_file>
      <input_file id="fl-9">
         <path>.\source\</path>
         <kind>object</kind>
         <file>errata_SSWF021_45.obj</file>
         <name>errata_SSWF021_45.obj</name>
      </input_file>
      <input_file id="fl-a">
         <path>.\source\</path>
         <kind>object</kind>
         <file>esm.obj</file>
         <name>esm.obj</name>
      </input_file>
      <input_file id="fl-b">
         <path>.\source\</path>
         <kind>object</kind>
         <file>freq_measure.obj</file>
         <name>freq_measure.obj</name>
      </input_file>
      <input_file id="fl-c">
         <path>.\source\</path>
         <kind>object</kind>
         <file>notification.obj</file>
         <name>notification.obj</name>
      </input_file>
      <input_file id="fl-d">
         <path>.\source\</path>
         <kind>object</kind>
         <file>pinmux.obj</file>
         <name>pinmux.obj</name>
      </input_file>
      <input_file id="fl-e">
         <path>.\source\</path>
         <kind>object</kind>
         <file>rti.obj</file>
         <name>rti.obj</name>
      </input_file>
      <input_file id="fl-f">
         <path>.\source\</path>
         <kind>object</kind>
         <file>sci.obj</file>
         <name>sci.obj</name>
      </input_file>
      <input_file id="fl-10">
         <path>.\source\</path>
         <kind>object</kind>
         <file>sensors.obj</file>
         <name>sensors.obj</name>
      </input_file>
      <input_file id="fl-11">
         <path>.\source\</path>
         <kind>object</kind>
         <file>sys_core.obj</file>
         <name>sys_core.obj</name>
      </input_file>
      <input_file id="fl-12">
         <path>.\source\</path>
         <kind>object</kind>
         <file>sys_dma.obj</file>
         <name>sys_dma.obj</name>
      </input_file>
      <input_file id="fl-13">
         <path>.\source\</path>
         <kind>object</kind>
         <file>sys_intvecs.obj</file>
         <name>sys_intvecs.obj</name>
      </input_file>
      <input_file id="fl-14">
         <path>.\source\</path>
         <kind>object</kind>
         <file>sys_main.obj</file>
         <name>sys_main.obj</name>
      </input_file>
      <input_file id="fl-15">
         <path>.\source\</path>
         <kind>object</kind>
         <file>sys_mpu.obj</file>
         <name>sys_mpu.obj</name>
      </input_file>
      <input_file id="fl-16">
         <path>.\source\</path>
         <kind>object</kind>
         <file>sys_pcr.obj</file>
         <name>sys_pcr.obj</name>
      </input_file>
      <input_file id="fl-17">
         <path>.\source\</path>
         <kind>object</kind>
         <file>sys_phantom.obj</file>
         <name>sys_phantom.obj</name>
      </input_file>
      <input_file id="fl-18">
         <path>.\source\</path>
         <kind>object</kind>
         <file>sys_pmm.obj</file>
         <name>sys_pmm.obj</name>
      </input_file>
      <input_file id="fl-19">
         <path>.\source\</path>
         <kind>object</kind>
         <file>sys_pmu.obj</file>
         <name>sys_pmu.obj</name>
      </input_file>
      <input_file id="fl-1a">
         <path>.\source\</path>
         <kind>object</kind>
         <file>sys_selftest.obj</file>
         <name>sys_selftest.obj</name>
      </input_file>
      <input_file id="fl-1b">
         <path>.\source\</path>
         <kind>object</kind>
         <file>sys_startup.obj</file>
         <name>sys_startup.obj</name>
      </input_file>
      <input_file id="fl-1c">
         <path>.\source\</path>
         <kind>object</kind>
         <file>sys_vim.obj</file>
         <name>sys_vim.obj</name>
      </input_file>
      <input_file id="fl-1d">
         <path>.\source\</path>
         <kind>object</kind>
         <file>system.obj</file>
         <name>system.obj</name>
      </input_file>
      <input_file id="fl-1e">
         <path>.\source\</path>
         <kind>object</kind>
         <file>ti_fee_Info.obj</file>
         <name>ti_fee_Info.obj</name>
      </input_file>
      <input_file id="fl-1f">
         <path>.\source\</path>
         <kind>object</kind>
         <file>ti_fee_cancel.obj</file>
         <name>ti_fee_cancel.obj</name>
      </input_file>
      <input_file id="fl-20">
         <path>.\source\</path>
         <kind>object</kind>
         <file>ti_fee_cfg.obj</file>
         <name>ti_fee_cfg.obj</name>
      </input_file>
      <input_file id="fl-21">
         <path>.\source\</path>
         <kind>object</kind>
         <file>ti_fee_eraseimmediateblock.obj</file>
         <name>ti_fee_eraseimmediateblock.obj</name>
      </input_file>
      <input_file id="fl-22">
         <path>.\source\</path>
         <kind>object</kind>
         <file>ti_fee_format.obj</file>
         <name>ti_fee_format.obj</name>
      </input_file>
      <input_file id="fl-23">
         <path>.\source\</path>
         <kind>object</kind>
         <file>ti_fee_ini.obj</file>
         <name>ti_fee_ini.obj</name>
      </input_file>
      <input_file id="fl-24">
         <path>.\source\</path>
         <kind>object</kind>
         <file>ti_fee_invalidateblock.obj</file>
         <name>ti_fee_invalidateblock.obj</name>
      </input_file>
      <input_file id="fl-25">
         <path>.\source\</path>
         <kind>object</kind>
         <file>ti_fee_main.obj</file>
         <name>ti_fee_main.obj</name>
      </input_file>
      <input_file id="fl-26">
         <path>.\source\</path>
         <kind>object</kind>
         <file>ti_fee_read.obj</file>
         <name>ti_fee_read.obj</name>
      </input_file>
      <input_file id="fl-27">
         <path>.\source\</path>
         <kind>object</kind>
         <file>ti_fee_readSync.obj</file>
         <name>ti_fee_readSync.obj</name>
      </input_file>
      <input_file id="fl-28">
         <path>.\source\</path>
         <kind>object</kind>
         <file>ti_fee_shutdown.obj</file>
         <name>ti_fee_shutdown.obj</name>
      </input_file>
      <input_file id="fl-29">
         <path>.\source\</path>
         <kind>object</kind>
         <file>ti_fee_util.obj</file>
         <name>ti_fee_util.obj</name>
      </input_file>
      <input_file id="fl-2a">
         <path>.\source\</path>
         <kind>object</kind>
         <file>ti_fee_writeAsync.obj</file>
         <name>ti_fee_writeAsync.obj</name>
      </input_file>
      <input_file id="fl-2b">
         <path>.\source\</path>
         <kind>object</kind>
         <file>ti_fee_writeSync.obj</file>
         <name>ti_fee_writeSync.obj</name>
      </input_file>
      <input_file id="fl-30">
         <kind>object</kind>
         <file>&lt;internal&gt;</file>
         <name>&lt;internal&gt;</name>
      </input_file>
      <input_file id="fl-31">
         <path>C:\ti\ccs1281\ccs\tools\compiler\ti-cgt-arm_20.2.7.LTS\lib\</path>
         <kind>archive</kind>
         <file>rtsv7R4_T_be_v3D16_eabi.lib</file>
         <name>s_floor.c.obj</name>
      </input_file>
      <input_file id="fl-32">
         <path>C:\ti\ccs1281\ccs\tools\compiler\ti-cgt-arm_20.2.7.LTS\lib\</path>
         <kind>archive</kind>
         <file>rtsv7R4_T_be_v3D16_eabi.lib</file>
         <name>memcpy_t2.asm.obj</name>
      </input_file>
      <input_file id="fl-33">
         <path>C:\ti\ccs1281\ccs\tools\compiler\ti-cgt-arm_20.2.7.LTS\lib\</path>
         <kind>archive</kind>
         <file>rtsv7R4_T_be_v3D16_eabi.lib</file>
         <name>memset_t2.asm.obj</name>
      </input_file>
      <input_file id="fl-34">
         <path>C:\ti\ccs1281\ccs\tools\compiler\ti-cgt-arm_20.2.7.LTS\lib\</path>
         <kind>archive</kind>
         <file>rtsv7R4_T_be_v3D16_eabi.lib</file>
         <name>autoinit.c.obj</name>
      </input_file>
      <input_file id="fl-35">
         <path>C:\ti\ccs1281\ccs\tools\compiler\ti-cgt-arm_20.2.7.LTS\lib\</path>
         <kind>archive</kind>
         <file>rtsv7R4_T_be_v3D16_eabi.lib</file>
         <name>cpy_tbl.c.obj</name>
      </input_file>
      <input_file id="fl-36">
         <path>C:\ti\ccs1281\ccs\tools\compiler\ti-cgt-arm_20.2.7.LTS\lib\</path>
         <kind>archive</kind>
         <file>rtsv7R4_T_be_v3D16_eabi.lib</file>
         <name>copy_zero_init.c.obj</name>
      </input_file>
      <input_file id="fl-37">
         <path>C:\ti\ccs1281\ccs\tools\compiler\ti-cgt-arm_20.2.7.LTS\lib\</path>
         <kind>archive</kind>
         <file>rtsv7R4_T_be_v3D16_eabi.lib</file>
         <name>copy_decompress_none.c.obj</name>
      </input_file>
      <input_file id="fl-38">
         <path>C:\ti\ccs1281\ccs\tools\compiler\ti-cgt-arm_20.2.7.LTS\lib\</path>
         <kind>archive</kind>
         <file>rtsv7R4_T_be_v3D16_eabi.lib</file>
         <name>copy_decompress_lzss.c.obj</name>
      </input_file>
      <input_file id="fl-39">
         <path>C:\ti\ccs1281\ccs\tools\compiler\ti-cgt-arm_20.2.7.LTS\lib\</path>
         <kind>archive</kind>
         <file>rtsv7R4_T_be_v3D16_eabi.lib</file>
         <name>exit.c.obj</name>
      </input_file>
      <input_file id="fl-3a">
         <path>C:\ti\ccs1281\ccs\tools\compiler\ti-cgt-arm_20.2.7.LTS\lib\</path>
         <kind>archive</kind>
         <file>rtsv7R4_T_be_v3D16_eabi.lib</file>
         <name>_lock.c.obj</name>
      </input_file>
      <input_file id="fl-3b">
         <path>C:\ti\Hercules\F021 Flash API\02.01.01\</path>
         <kind>archive</kind>
         <file>F021_API_CortexR4_BE_V3D16_NDS.lib</file>
         <name>Async.obj</name>
      </input_file>
      <input_file id="fl-3c">
         <path>C:\ti\Hercules\F021 Flash API\02.01.01\</path>
         <kind>archive</kind>
         <file>F021_API_CortexR4_BE_V3D16_NDS.lib</file>
         <name>Async.WithAddress.obj</name>
      </input_file>
      <input_file id="fl-3d">
         <path>C:\ti\Hercules\F021 Flash API\02.01.01\</path>
         <kind>archive</kind>
         <file>F021_API_CortexR4_BE_V3D16_NDS.lib</file>
         <name>BlankCheck.obj</name>
      </input_file>
      <input_file id="fl-3e">
         <path>C:\ti\Hercules\F021 Flash API\02.01.01\</path>
         <kind>archive</kind>
         <file>F021_API_CortexR4_BE_V3D16_NDS.lib</file>
         <name>FlashStateMachine.EnableEepromSectors.obj</name>
      </input_file>
      <input_file id="fl-3f">
         <path>C:\ti\Hercules\F021 Flash API\02.01.01\</path>
         <kind>archive</kind>
         <file>F021_API_CortexR4_BE_V3D16_NDS.lib</file>
         <name>FlashStateMachine.InitializeFlashBanks.obj</name>
      </input_file>
      <input_file id="fl-40">
         <path>C:\ti\Hercules\F021 Flash API\02.01.01\</path>
         <kind>archive</kind>
         <file>F021_API_CortexR4_BE_V3D16_NDS.lib</file>
         <name>FlashStateMachine.IssueFsmCommand.obj</name>
      </input_file>
      <input_file id="fl-41">
         <path>C:\ti\Hercules\F021 Flash API\02.01.01\</path>
         <kind>archive</kind>
         <file>F021_API_CortexR4_BE_V3D16_NDS.lib</file>
         <name>FlashStateMachine.ScaleFclk.obj</name>
      </input_file>
      <input_file id="fl-42">
         <path>C:\ti\Hercules\F021 Flash API\02.01.01\</path>
         <kind>archive</kind>
         <file>F021_API_CortexR4_BE_V3D16_NDS.lib</file>
         <name>FlashStateMachine.SetActiveBank.obj</name>
      </input_file>
      <input_file id="fl-43">
         <path>C:\ti\Hercules\F021 Flash API\02.01.01\</path>
         <kind>archive</kind>
         <file>F021_API_CortexR4_BE_V3D16_NDS.lib</file>
         <name>Read.FlushPipeline.obj</name>
      </input_file>
      <input_file id="fl-44">
         <path>C:\ti\Hercules\F021 Flash API\02.01.01\</path>
         <kind>archive</kind>
         <file>F021_API_CortexR4_BE_V3D16_NDS.lib</file>
         <name>Read.LoopDword.obj</name>
      </input_file>
      <input_file id="fl-45">
         <path>C:\ti\Hercules\F021 Flash API\02.01.01\</path>
         <kind>archive</kind>
         <file>F021_API_CortexR4_BE_V3D16_NDS.lib</file>
         <name>Read.WdService.obj</name>
      </input_file>
      <input_file id="fl-46">
         <path>C:\ti\Hercules\F021 Flash API\02.01.01\</path>
         <kind>archive</kind>
         <file>F021_API_CortexR4_BE_V3D16_NDS.lib</file>
         <name>Utilities.CalculateFletcher.obj</name>
      </input_file>
      <input_file id="fl-47">
         <path>C:\ti\Hercules\F021 Flash API\02.01.01\</path>
         <kind>archive</kind>
         <file>F021_API_CortexR4_BE_V3D16_NDS.lib</file>
         <name>Utilities.WaitDelay.obj</name>
      </input_file>
      <input_file id="fl-48">
         <path>C:\ti\Hercules\F021 Flash API\02.01.01\</path>
         <kind>archive</kind>
         <file>F021_API_CortexR4_BE_V3D16_NDS.lib</file>
         <name>Utilities.GetNumberOfSectors.obj</name>
      </input_file>
      <input_file id="fl-49">
         <path>C:\ti\Hercules\F021 Flash API\02.01.01\</path>
         <kind>archive</kind>
         <file>F021_API_CortexR4_BE_V3D16_NDS.lib</file>
         <name>Read.Common.obj</name>
      </input_file>
      <input_file id="fl-4a">
         <path>C:\ti\Hercules\F021 Flash API\02.01.01\</path>
         <kind>archive</kind>
         <file>F021_API_CortexR4_BE_V3D16_NDS.lib</file>
         <name>FlashStateMachine.Hercules.IsEccAddress.obj</name>
      </input_file>
   </input_file_list>
   <object_component_list>
      <object_component id="oc-4c">
         <name>.intvecs</name>
         <load_address>0x0</load_address>
         <run_address>0x0</run_address>
         <size>0x20</size>
         <input_file_ref idref="fl-13"/>
      </object_component>
      <object_component id="oc-265">
         <name>.text</name>
         <load_address>0x20</load_address>
         <run_address>0x20</run_address>
         <size>0x57d0</size>
         <input_file_ref idref="fl-29"/>
      </object_component>
      <object_component id="oc-9d">
         <name>.text</name>
         <load_address>0x57f0</load_address>
         <run_address>0x57f0</run_address>
         <size>0x2cdc</size>
         <input_file_ref idref="fl-1a"/>
      </object_component>
      <object_component id="oc-316">
         <name>.text</name>
         <load_address>0x84cc</load_address>
         <run_address>0x84cc</run_address>
         <size>0x1768</size>
         <input_file_ref idref="fl-23"/>
      </object_component>
      <object_component id="oc-25f">
         <name>.text</name>
         <load_address>0x9c34</load_address>
         <run_address>0x9c34</run_address>
         <size>0x10e0</size>
         <input_file_ref idref="fl-25"/>
      </object_component>
      <object_component id="oc-97">
         <name>.text</name>
         <load_address>0xad14</load_address>
         <run_address>0xad14</run_address>
         <size>0xb64</size>
         <input_file_ref idref="fl-1d"/>
      </object_component>
      <object_component id="oc-15c">
         <name>.text</name>
         <load_address>0xb878</load_address>
         <run_address>0xb878</run_address>
         <size>0xb5c</size>
         <input_file_ref idref="fl-6"/>
      </object_component>
      <object_component id="oc-1cf">
         <name>.text</name>
         <load_address>0xc3d4</load_address>
         <run_address>0xc3d4</run_address>
         <size>0xaec</size>
         <input_file_ref idref="fl-4"/>
      </object_component>
      <object_component id="oc-5b">
         <name>.text</name>
         <load_address>0xcec0</load_address>
         <run_address>0xcec0</run_address>
         <size>0xa54</size>
         <input_file_ref idref="fl-1c"/>
      </object_component>
      <object_component id="oc-110">
         <name>.text</name>
         <load_address>0xd914</load_address>
         <run_address>0xd914</run_address>
         <size>0x8b8</size>
         <input_file_ref idref="fl-d"/>
      </object_component>
      <object_component id="oc-1b1">
         <name>.text</name>
         <load_address>0xe1cc</load_address>
         <run_address>0xe1cc</run_address>
         <size>0x8ac</size>
         <input_file_ref idref="fl-8"/>
      </object_component>
      <object_component id="oc-162">
         <name>.text</name>
         <load_address>0xea78</load_address>
         <run_address>0xea78</run_address>
         <size>0x7ac</size>
         <input_file_ref idref="fl-10"/>
      </object_component>
      <object_component id="oc-156">
         <name>.text</name>
         <load_address>0xf224</load_address>
         <run_address>0xf224</run_address>
         <size>0x7a8</size>
         <input_file_ref idref="fl-f"/>
      </object_component>
      <object_component id="oc-1c9">
         <name>.text</name>
         <load_address>0xf9cc</load_address>
         <run_address>0xf9cc</run_address>
         <size>0x6a0</size>
         <input_file_ref idref="fl-12"/>
      </object_component>
      <object_component id="oc-8b">
         <name>.text</name>
         <load_address>0x1006c</load_address>
         <run_address>0x1006c</run_address>
         <size>0x664</size>
         <input_file_ref idref="fl-9"/>
      </object_component>
      <object_component id="oc-168">
         <name>.text</name>
         <load_address>0x106d0</load_address>
         <run_address>0x106d0</run_address>
         <size>0x638</size>
         <input_file_ref idref="fl-e"/>
      </object_component>
      <object_component id="oc-a3">
         <name>.text</name>
         <load_address>0x10d08</load_address>
         <run_address>0x10d08</run_address>
         <size>0x5bc</size>
         <input_file_ref idref="fl-a"/>
      </object_component>
      <object_component id="oc-86">
         <name>.text</name>
         <load_address>0x112c4</load_address>
         <run_address>0x112c4</run_address>
         <size>0x34c</size>
         <input_file_ref idref="fl-11"/>
      </object_component>
      <object_component id="oc-ce">
         <name>.text</name>
         <load_address>0x11610</load_address>
         <run_address>0x11610</run_address>
         <size>0x328</size>
         <input_file_ref idref="fl-5"/>
      </object_component>
      <object_component id="oc-bc">
         <name>.text</name>
         <load_address>0x11938</load_address>
         <run_address>0x11938</run_address>
         <size>0x320</size>
         <input_file_ref idref="fl-b"/>
      </object_component>
      <object_component id="oc-57">
         <name>.text:retain</name>
         <load_address>0x11c58</load_address>
         <run_address>0x11c58</run_address>
         <size>0x2cc</size>
         <input_file_ref idref="fl-1c"/>
      </object_component>
      <object_component id="oc-1f">
         <name>.text:retain</name>
         <load_address>0x11f24</load_address>
         <run_address>0x11f24</run_address>
         <size>0x288</size>
         <input_file_ref idref="fl-1b"/>
      </object_component>
      <object_component id="oc-315">
         <name>.text:Fapi_initializeFlashBanks</name>
         <load_address>0x121ac</load_address>
         <run_address>0x121ac</run_address>
         <size>0x260</size>
         <input_file_ref idref="fl-3f"/>
      </object_component>
      <object_component id="oc-40">
         <name>.text:retain</name>
         <load_address>0x1240c</load_address>
         <run_address>0x1240c</run_address>
         <size>0x204</size>
         <input_file_ref idref="fl-f"/>
      </object_component>
      <object_component id="oc-310">
         <name>.text:Fapi_setActiveFlashBank</name>
         <load_address>0x12610</load_address>
         <run_address>0x12610</run_address>
         <size>0x17c</size>
         <input_file_ref idref="fl-42"/>
      </object_component>
      <object_component id="oc-3a">
         <name>.text:retain</name>
         <load_address>0x1278c</load_address>
         <run_address>0x1278c</run_address>
         <size>0x124</size>
         <input_file_ref idref="fl-e"/>
      </object_component>
      <object_component id="oc-34">
         <name>.text:retain</name>
         <load_address>0x128b0</load_address>
         <run_address>0x128b0</run_address>
         <size>0x114</size>
         <input_file_ref idref="fl-a"/>
      </object_component>
      <object_component id="oc-2e">
         <name>.text:retain</name>
         <load_address>0x129c4</load_address>
         <run_address>0x129c4</run_address>
         <size>0x110</size>
         <input_file_ref idref="fl-8"/>
      </object_component>
      <object_component id="oc-b2">
         <name>.text</name>
         <load_address>0x12ad4</load_address>
         <run_address>0x12ad4</run_address>
         <size>0xf4</size>
         <input_file_ref idref="fl-c"/>
      </object_component>
      <object_component id="oc-d5">
         <name>.text</name>
         <load_address>0x12bc8</load_address>
         <run_address>0x12bc8</run_address>
         <size>0xe8</size>
         <input_file_ref idref="fl-7"/>
      </object_component>
      <object_component id="oc-aa">
         <name>.text</name>
         <load_address>0x12cb0</load_address>
         <run_address>0x12cb0</run_address>
         <size>0xe8</size>
         <input_file_ref idref="fl-14"/>
      </object_component>
      <object_component id="oc-24e">
         <name>.text:floor</name>
         <load_address>0x12d98</load_address>
         <run_address>0x12d98</run_address>
         <size>0xe0</size>
         <input_file_ref idref="fl-31"/>
      </object_component>
      <object_component id="oc-118">
         <name>.text</name>
         <load_address>0x12e78</load_address>
         <run_address>0x12e78</run_address>
         <size>0xe0</size>
         <input_file_ref idref="fl-19"/>
      </object_component>
      <object_component id="oc-25">
         <name>.text:retain</name>
         <load_address>0x12f58</load_address>
         <run_address>0x12f58</run_address>
         <size>0xa4</size>
         <input_file_ref idref="fl-4"/>
      </object_component>
      <object_component id="oc-6e">
         <name>.text</name>
         <load_address>0x12ffc</load_address>
         <run_address>0x12ffc</run_address>
         <size>0x9c</size>
         <input_file_ref idref="fl-32"/>
      </object_component>
      <object_component id="oc-30e">
         <name>.text:Fapi_doBlankCheck</name>
         <load_address>0x13098</load_address>
         <run_address>0x13098</run_address>
         <size>0x94</size>
         <input_file_ref idref="fl-3d"/>
      </object_component>
      <object_component id="oc-312">
         <name>.text:Fapi_enableEepromBankSectors</name>
         <load_address>0x1312c</load_address>
         <run_address>0x1312c</run_address>
         <size>0x80</size>
         <input_file_ref idref="fl-3e"/>
      </object_component>
      <object_component id="oc-102">
         <name>.text</name>
         <load_address>0x131ac</load_address>
         <run_address>0x131ac</run_address>
         <size>0x7a</size>
         <input_file_ref idref="fl-33"/>
      </object_component>
      <object_component id="oc-12">
         <name>.text:decompress:lzss:__TI_decompress_lzss</name>
         <load_address>0x13226</load_address>
         <run_address>0x13226</run_address>
         <size>0x6c</size>
         <input_file_ref idref="fl-38"/>
      </object_component>
      <object_component id="oc-46">
         <name>.text:retain</name>
         <load_address>0x13294</load_address>
         <run_address>0x13294</run_address>
         <size>0x68</size>
         <input_file_ref idref="fl-12"/>
      </object_component>
      <object_component id="oc-381">
         <name>.text:_Fapi_loopRegionForValue</name>
         <load_address>0x132fc</load_address>
         <run_address>0x132fc</run_address>
         <size>0x5e</size>
         <input_file_ref idref="fl-44"/>
      </object_component>
      <object_component id="oc-3a1">
         <name>.text:Fapi_isAddressEcc</name>
         <load_address>0x1335c</load_address>
         <run_address>0x1335c</run_address>
         <size>0x50</size>
         <input_file_ref idref="fl-4a"/>
      </object_component>
      <object_component id="oc-387">
         <name>.text:_Fapi_EnableSectors</name>
         <load_address>0x133ac</load_address>
         <run_address>0x133ac</run_address>
         <size>0x44</size>
         <input_file_ref idref="fl-3e"/>
      </object_component>
      <object_component id="oc-126">
         <name>.text:__TI_auto_init_nobinit_nopinit:__TI_auto_init_nobinit_nopinit</name>
         <load_address>0x133f0</load_address>
         <run_address>0x133f0</run_address>
         <size>0x44</size>
         <input_file_ref idref="fl-34"/>
      </object_component>
      <object_component id="oc-382">
         <name>.text:_Fapi_issueFsmCommand</name>
         <load_address>0x13434</load_address>
         <run_address>0x13434</run_address>
         <size>0x3c</size>
         <input_file_ref idref="fl-40"/>
      </object_component>
      <object_component id="oc-388">
         <name>.text:Fapi_calculateFletcherChecksum</name>
         <load_address>0x13470</load_address>
         <run_address>0x13470</run_address>
         <size>0x36</size>
         <input_file_ref idref="fl-46"/>
      </object_component>
      <object_component id="oc-311">
         <name>.text:Fapi_issueAsyncCommandWithAddress</name>
         <load_address>0x134a8</load_address>
         <run_address>0x134a8</run_address>
         <size>0x30</size>
         <input_file_ref idref="fl-3c"/>
      </object_component>
      <object_component id="oc-39d">
         <name>.text:Fapi_waitDelay</name>
         <load_address>0x134d8</load_address>
         <run_address>0x134d8</run_address>
         <size>0x30</size>
         <input_file_ref idref="fl-47"/>
      </object_component>
      <object_component id="oc-39e">
         <name>.text:_Fapi_readDword</name>
         <load_address>0x13508</load_address>
         <run_address>0x13508</run_address>
         <size>0x2c</size>
         <input_file_ref idref="fl-49"/>
      </object_component>
      <object_component id="oc-30f">
         <name>.text:Fapi_issueAsyncCommand</name>
         <load_address>0x13534</load_address>
         <run_address>0x13534</run_address>
         <size>0x2a</size>
         <input_file_ref idref="fl-3b"/>
      </object_component>
      <object_component id="oc-380">
         <name>.text:Fapi_flushPipeline</name>
         <load_address>0x1355e</load_address>
         <run_address>0x1355e</run_address>
         <size>0x22</size>
         <input_file_ref idref="fl-43"/>
      </object_component>
      <object_component id="oc-389">
         <name>.text:_Fapi_divideUnsignedLong</name>
         <load_address>0x13580</load_address>
         <run_address>0x13580</run_address>
         <size>0x1c</size>
         <input_file_ref idref="fl-3f"/>
      </object_component>
      <object_component id="oc-7a">
         <name>.text:decompress:ZI:__TI_zero_init_nomemset:__TI_zero_init_nomemset</name>
         <load_address>0x1359c</load_address>
         <run_address>0x1359c</run_address>
         <size>0x1c</size>
         <input_file_ref idref="fl-36"/>
      </object_component>
      <object_component id="oc-386">
         <name>.text:Fapi_getNumberOfBankSectors</name>
         <load_address>0x135b8</load_address>
         <run_address>0x135b8</run_address>
         <size>0x10</size>
         <input_file_ref idref="fl-48"/>
      </object_component>
      <object_component id="oc-383">
         <name>.text:_scaleEEFclk</name>
         <load_address>0x135c8</load_address>
         <run_address>0x135c8</run_address>
         <size>0x10</size>
         <input_file_ref idref="fl-41"/>
      </object_component>
      <object_component id="oc-384">
         <name>.text:_scaleMainFclk</name>
         <load_address>0x135d8</load_address>
         <run_address>0x135d8</run_address>
         <size>0x10</size>
         <input_file_ref idref="fl-41"/>
      </object_component>
      <object_component id="oc-18">
         <name>.text:decompress:none:__TI_decompress_none</name>
         <load_address>0x135e8</load_address>
         <run_address>0x135e8</run_address>
         <size>0xe</size>
         <input_file_ref idref="fl-37"/>
      </object_component>
      <object_component id="oc-39f">
         <name>.text:_Fapi_checkWdService</name>
         <load_address>0x135f6</load_address>
         <run_address>0x135f6</run_address>
         <size>0xc</size>
         <input_file_ref idref="fl-45"/>
      </object_component>
      <object_component id="oc-3a2">
         <name>.text</name>
         <load_address>0x13604</load_address>
         <run_address>0x13604</run_address>
         <size>0x8</size>
         <input_file_ref idref="fl-3"/>
      </object_component>
      <object_component id="oc-174">
         <name>.text:abort:abort</name>
         <load_address>0x1360c</load_address>
         <run_address>0x1360c</run_address>
         <size>0x4</size>
         <input_file_ref idref="fl-39"/>
      </object_component>
      <object_component id="oc-51">
         <name>.text:retain</name>
         <load_address>0x13610</load_address>
         <run_address>0x13610</run_address>
         <size>0x4</size>
         <input_file_ref idref="fl-17"/>
      </object_component>
      <object_component id="oc-91">
         <name>.text</name>
         <load_address>0x13614</load_address>
         <run_address>0x13614</run_address>
         <size>0x4</size>
         <input_file_ref idref="fl-1b"/>
      </object_component>
      <object_component id="oc-3d6">
         <name>.tramp.Fapi_serviceWatchdogTimer.1</name>
         <load_address>0x13618</load_address>
         <run_address>0x13618</run_address>
         <size>0x8</size>
         <input_file_ref idref="fl-3"/>
      </object_component>
      <object_component id="oc-2b">
         <name>.const:s_vim_init</name>
         <load_address>0x14cc0</load_address>
         <run_address>0x14cc0</run_address>
         <size>0x200</size>
         <input_file_ref idref="fl-1c"/>
      </object_component>
      <object_component id="oc-255">
         <name>.const:s_canByteOrder</name>
         <load_address>0x14ec0</load_address>
         <run_address>0x14ec0</run_address>
         <size>0x20</size>
         <input_file_ref idref="fl-6"/>
      </object_component>
      <object_component id="oc-2c8">
         <name>.const:s_adcFiFoSize</name>
         <load_address>0x14ee0</load_address>
         <run_address>0x14ee0</run_address>
         <size>0x18</size>
         <input_file_ref idref="fl-4"/>
      </object_component>
      <object_component id="oc-2cb">
         <name>.const:s_adcSelect</name>
         <load_address>0x14ef8</load_address>
         <run_address>0x14ef8</run_address>
         <size>0x18</size>
         <input_file_ref idref="fl-4"/>
      </object_component>
      <object_component id="oc-3d0">
         <name>__TI_handler_table</name>
         <load_address>0x14fb0</load_address>
         <run_address>0x14fb0</run_address>
         <size>0xc</size>
      </object_component>
      <object_component id="oc-3d3">
         <name>.cinit..data.load</name>
         <load_address>0x14fbc</load_address>
         <run_address>0x14fbc</run_address>
         <size>0xa</size>
      </object_component>
      <object_component id="oc-3d4">
         <name>.cinit.FEE_DATA_SECTION.load</name>
         <load_address>0x14fc6</load_address>
         <run_address>0x14fc6</run_address>
         <size>0x9</size>
      </object_component>
      <object_component id="oc-3d2">
         <name>.cinit..bss.load</name>
         <load_address>0x14fd0</load_address>
         <run_address>0x14fd0</run_address>
         <size>0x8</size>
      </object_component>
      <object_component id="oc-3d1">
         <name>__TI_cinit_table</name>
         <load_address>0x14fd8</load_address>
         <run_address>0x14fd8</run_address>
         <size>0x18</size>
      </object_component>
      <object_component id="oc-ca">
         <name>.bss:g_sciTransfer_t</name>
         <uninitialized>true</uninitialized>
         <run_address>0x80016e4</run_address>
         <size>0x28</size>
         <input_file_ref idref="fl-f"/>
      </object_component>
      <object_component id="oc-1d9">
         <name>.common:adc_data</name>
         <uninitialized>true</uninitialized>
         <run_address>0x8001678</run_address>
         <size>0x40</size>
      </object_component>
      <object_component id="oc-1d8">
         <name>.common:adc_dma_buffer</name>
         <uninitialized>true</uninitialized>
         <run_address>0x800170c</run_address>
         <size>0x20</size>
      </object_component>
      <object_component id="oc-1d5">
         <name>.common:g_dmaCTRLPKT</name>
         <uninitialized>true</uninitialized>
         <run_address>0x8001634</run_address>
         <size>0x44</size>
      </object_component>
      <object_component id="oc-1b7">
         <name>.common:freq_ch1</name>
         <uninitialized>true</uninitialized>
         <run_address>0x800172c</run_address>
         <size>0x10</size>
      </object_component>
      <object_component id="oc-1ba">
         <name>.common:freq_ch2</name>
         <uninitialized>true</uninitialized>
         <run_address>0x800173c</run_address>
         <size>0x10</size>
      </object_component>
      <object_component id="oc-277">
         <name>.common:sensors_data</name>
         <uninitialized>true</uninitialized>
         <run_address>0x80016b8</run_address>
         <size>0x2c</size>
      </object_component>
      <object_component id="oc-1da">
         <name>.data</name>
         <load_address>0x8001755</load_address>
         <run_address>0x8001755</run_address>
         <size>0x1</size>
         <input_file_ref idref="fl-5"/>
      </object_component>
      <object_component id="oc-16e">
         <name>.data</name>
         <load_address>0x8001756</load_address>
         <run_address>0x8001756</run_address>
         <size>0x1</size>
         <input_file_ref idref="fl-10"/>
      </object_component>
      <object_component id="oc-3a0">
         <name>.data</name>
         <load_address>0x800174c</load_address>
         <run_address>0x800174c</run_address>
         <size>0x8</size>
         <input_file_ref idref="fl-41"/>
      </object_component>
      <object_component id="oc-385">
         <name>.data</name>
         <load_address>0x8001754</load_address>
         <run_address>0x8001754</run_address>
         <size>0x1</size>
         <input_file_ref idref="fl-42"/>
      </object_component>
      <object_component id="oc-271">
         <name>FEE_TEXT_SECTION</name>
         <load_address>0x13620</load_address>
         <run_address>0x13620</run_address>
         <size>0xcb8</size>
         <input_file_ref idref="fl-2a"/>
      </object_component>
      <object_component id="oc-26b">
         <name>FEE_TEXT_SECTION</name>
         <load_address>0x142d8</load_address>
         <run_address>0x142d8</run_address>
         <size>0x9e8</size>
         <input_file_ref idref="fl-27"/>
      </object_component>
      <object_component id="oc-306">
         <name>FEE_CONST_SECTION</name>
         <load_address>0x14f10</load_address>
         <run_address>0x14f10</run_address>
         <size>0x84</size>
         <input_file_ref idref="fl-2"/>
      </object_component>
      <object_component id="oc-30b">
         <name>FEE_CONST_SECTION</name>
         <load_address>0x14f94</load_address>
         <run_address>0x14f94</run_address>
         <size>0x1c</size>
         <input_file_ref idref="fl-20"/>
      </object_component>
      <object_component id="oc-302">
         <name>FEE_DATA_SECTION</name>
         <load_address>0x8001500</load_address>
         <run_address>0x8001500</run_address>
         <size>0xf5</size>
         <input_file_ref idref="fl-23"/>
      </object_component>
      <object_component id="oc-305">
         <name>FEE_DATA_SECTION</name>
         <load_address>0x80015f5</load_address>
         <run_address>0x80015f5</run_address>
         <size>0x1</size>
         <input_file_ref idref="fl-25"/>
      </object_component>
      <object_component id="oc-314">
         <name>FEE_DATA_SECTION:uninit</name>
         <load_address>0x80015f8</load_address>
         <run_address>0x80015f8</run_address>
         <size>0x2e</size>
         <input_file_ref idref="fl-29"/>
      </object_component>
      <object_component id="oc-313">
         <name>FEE_DATA_SECTION:init</name>
         <load_address>0x8001628</load_address>
         <run_address>0x8001628</run_address>
         <size>0x9</size>
         <input_file_ref idref="fl-29"/>
      </object_component>
      <object_component id="oc-2b0">
         <name>.debug_info</name>
         <load_address>0x0</load_address>
         <run_address>0x0</run_address>
         <size>0x1f3</size>
         <input_file_ref idref="fl-2"/>
      </object_component>
      <object_component id="oc-307">
         <name>.debug_info</name>
         <load_address>0x1f3</load_address>
         <run_address>0x1f3</run_address>
         <size>0x103</size>
         <input_file_ref idref="fl-2"/>
      </object_component>
      <object_component id="oc-31d">
         <name>.debug_info</name>
         <load_address>0x2f6</load_address>
         <run_address>0x2f6</run_address>
         <size>0xe57</size>
         <input_file_ref idref="fl-2"/>
      </object_component>
      <object_component id="oc-333">
         <name>.debug_info</name>
         <load_address>0x114d</load_address>
         <run_address>0x114d</run_address>
         <size>0x225</size>
         <input_file_ref idref="fl-2"/>
      </object_component>
      <object_component id="oc-338">
         <name>.debug_info</name>
         <load_address>0x1372</load_address>
         <run_address>0x1372</run_address>
         <size>0x26d5</size>
         <input_file_ref idref="fl-2"/>
      </object_component>
      <object_component id="oc-189">
         <name>.debug_info</name>
         <load_address>0x3a47</load_address>
         <run_address>0x3a47</run_address>
         <size>0x26b</size>
         <input_file_ref idref="fl-2"/>
      </object_component>
      <object_component id="oc-c3">
         <name>.debug_info</name>
         <load_address>0x3cb2</load_address>
         <run_address>0x3cb2</run_address>
         <size>0x157</size>
         <input_file_ref idref="fl-2"/>
      </object_component>
      <object_component id="oc-38d">
         <name>.debug_info</name>
         <load_address>0x3e09</load_address>
         <run_address>0x3e09</run_address>
         <size>0x46</size>
         <input_file_ref idref="fl-2"/>
      </object_component>
      <object_component id="oc-e3">
         <name>.debug_info</name>
         <load_address>0x3e4f</load_address>
         <run_address>0x3e4f</run_address>
         <size>0x8b</size>
         <input_file_ref idref="fl-2"/>
      </object_component>
      <object_component id="oc-2ab">
         <name>.debug_info</name>
         <load_address>0x3eda</load_address>
         <run_address>0x3eda</run_address>
         <size>0x2a4</size>
         <input_file_ref idref="fl-2"/>
      </object_component>
      <object_component id="oc-1bc">
         <name>.debug_info</name>
         <load_address>0x417e</load_address>
         <run_address>0x417e</run_address>
         <size>0xbb</size>
         <input_file_ref idref="fl-2"/>
      </object_component>
      <object_component id="oc-3a6">
         <name>.debug_info</name>
         <load_address>0x4239</load_address>
         <run_address>0x4239</run_address>
         <size>0x17f</size>
         <input_file_ref idref="fl-3"/>
      </object_component>
      <object_component id="oc-69">
         <name>.debug_info</name>
         <load_address>0x43b8</load_address>
         <run_address>0x43b8</run_address>
         <size>0x84</size>
         <input_file_ref idref="fl-3"/>
      </object_component>
      <object_component id="oc-1e4">
         <name>.debug_info</name>
         <load_address>0x443c</load_address>
         <run_address>0x443c</run_address>
         <size>0x349</size>
         <input_file_ref idref="fl-4"/>
      </object_component>
      <object_component id="oc-2cc">
         <name>.debug_info</name>
         <load_address>0x4785</load_address>
         <run_address>0x4785</run_address>
         <size>0xe6</size>
         <input_file_ref idref="fl-4"/>
      </object_component>
      <object_component id="oc-2c9">
         <name>.debug_info</name>
         <load_address>0x486b</load_address>
         <run_address>0x486b</run_address>
         <size>0xeb</size>
         <input_file_ref idref="fl-4"/>
      </object_component>
      <object_component id="oc-1d0">
         <name>.debug_info</name>
         <load_address>0x4956</load_address>
         <run_address>0x4956</run_address>
         <size>0xb63</size>
         <input_file_ref idref="fl-4"/>
      </object_component>
      <object_component id="oc-26">
         <name>.debug_info</name>
         <load_address>0x54b9</load_address>
         <run_address>0x54b9</run_address>
         <size>0x1c6</size>
         <input_file_ref idref="fl-4"/>
      </object_component>
      <object_component id="oc-1f9">
         <name>.debug_info</name>
         <load_address>0x567f</load_address>
         <run_address>0x567f</run_address>
         <size>0x791</size>
         <input_file_ref idref="fl-4"/>
      </object_component>
      <object_component id="oc-de">
         <name>.debug_info</name>
         <load_address>0x5e10</load_address>
         <run_address>0x5e10</run_address>
         <size>0x18c</size>
         <input_file_ref idref="fl-4"/>
      </object_component>
      <object_component id="oc-e8">
         <name>.debug_info</name>
         <load_address>0x5f9c</load_address>
         <run_address>0x5f9c</run_address>
         <size>0x86</size>
         <input_file_ref idref="fl-4"/>
      </object_component>
      <object_component id="oc-2d5">
         <name>.debug_info</name>
         <load_address>0x6022</load_address>
         <run_address>0x6022</run_address>
         <size>0x38f</size>
         <input_file_ref idref="fl-4"/>
      </object_component>
      <object_component id="oc-1a7">
         <name>.debug_info</name>
         <load_address>0x63b1</load_address>
         <run_address>0x63b1</run_address>
         <size>0x2d0</size>
         <input_file_ref idref="fl-4"/>
      </object_component>
      <object_component id="oc-1d6">
         <name>.debug_info</name>
         <load_address>0x6681</load_address>
         <run_address>0x6681</run_address>
         <size>0x5fb</size>
         <input_file_ref idref="fl-5"/>
      </object_component>
      <object_component id="oc-1db">
         <name>.debug_info</name>
         <load_address>0x6c7c</load_address>
         <run_address>0x6c7c</run_address>
         <size>0xff</size>
         <input_file_ref idref="fl-5"/>
      </object_component>
      <object_component id="oc-d0">
         <name>.debug_info</name>
         <load_address>0x6d7b</load_address>
         <run_address>0x6d7b</run_address>
         <size>0x598</size>
         <input_file_ref idref="fl-5"/>
      </object_component>
      <object_component id="oc-1de">
         <name>.debug_info</name>
         <load_address>0x7313</load_address>
         <run_address>0x7313</run_address>
         <size>0xc6</size>
         <input_file_ref idref="fl-5"/>
      </object_component>
      <object_component id="oc-28b">
         <name>.debug_info</name>
         <load_address>0x73d9</load_address>
         <run_address>0x73d9</run_address>
         <size>0x306</size>
         <input_file_ref idref="fl-5"/>
      </object_component>
      <object_component id="oc-2a6">
         <name>.debug_info</name>
         <load_address>0x76df</load_address>
         <run_address>0x76df</run_address>
         <size>0x7cd</size>
         <input_file_ref idref="fl-5"/>
      </object_component>
      <object_component id="oc-182">
         <name>.debug_info</name>
         <load_address>0x7eac</load_address>
         <run_address>0x7eac</run_address>
         <size>0x673</size>
         <input_file_ref idref="fl-5"/>
      </object_component>
      <object_component id="oc-281">
         <name>.debug_info</name>
         <load_address>0x851f</load_address>
         <run_address>0x851f</run_address>
         <size>0x1d4</size>
         <input_file_ref idref="fl-5"/>
      </object_component>
      <object_component id="oc-259">
         <name>.debug_info</name>
         <load_address>0x86f3</load_address>
         <run_address>0x86f3</run_address>
         <size>0x315</size>
         <input_file_ref idref="fl-6"/>
      </object_component>
      <object_component id="oc-256">
         <name>.debug_info</name>
         <load_address>0x8a08</load_address>
         <run_address>0x8a08</run_address>
         <size>0xec</size>
         <input_file_ref idref="fl-6"/>
      </object_component>
      <object_component id="oc-15d">
         <name>.debug_info</name>
         <load_address>0x8af4</load_address>
         <run_address>0x8af4</run_address>
         <size>0x13ab</size>
         <input_file_ref idref="fl-6"/>
      </object_component>
      <object_component id="oc-20d">
         <name>.debug_info</name>
         <load_address>0x9e9f</load_address>
         <run_address>0x9e9f</run_address>
         <size>0x437</size>
         <input_file_ref idref="fl-6"/>
      </object_component>
      <object_component id="oc-25a">
         <name>.debug_info</name>
         <load_address>0xa2d6</load_address>
         <run_address>0xa2d6</run_address>
         <size>0x15f</size>
         <input_file_ref idref="fl-6"/>
      </object_component>
      <object_component id="oc-d7">
         <name>.debug_info</name>
         <load_address>0xa435</load_address>
         <run_address>0xa435</run_address>
         <size>0x103</size>
         <input_file_ref idref="fl-7"/>
      </object_component>
      <object_component id="oc-2b2">
         <name>.debug_info</name>
         <load_address>0xa538</load_address>
         <run_address>0xa538</run_address>
         <size>0x2ec</size>
         <input_file_ref idref="fl-8"/>
      </object_component>
      <object_component id="oc-1b4">
         <name>.debug_info</name>
         <load_address>0xa824</load_address>
         <run_address>0xa824</run_address>
         <size>0x172d</size>
         <input_file_ref idref="fl-8"/>
      </object_component>
      <object_component id="oc-2f">
         <name>.debug_info</name>
         <load_address>0xbf51</load_address>
         <run_address>0xbf51</run_address>
         <size>0x1ed</size>
         <input_file_ref idref="fl-8"/>
      </object_component>
      <object_component id="oc-2b3">
         <name>.debug_info</name>
         <load_address>0xc13e</load_address>
         <run_address>0xc13e</run_address>
         <size>0x359</size>
         <input_file_ref idref="fl-8"/>
      </object_component>
      <object_component id="oc-290">
         <name>.debug_info</name>
         <load_address>0xc497</load_address>
         <run_address>0xc497</run_address>
         <size>0x152</size>
         <input_file_ref idref="fl-8"/>
      </object_component>
      <object_component id="oc-1f4">
         <name>.debug_info</name>
         <load_address>0xc5e9</load_address>
         <run_address>0xc5e9</run_address>
         <size>0x2c2</size>
         <input_file_ref idref="fl-9"/>
      </object_component>
      <object_component id="oc-8d">
         <name>.debug_info</name>
         <load_address>0xc8ab</load_address>
         <run_address>0xc8ab</run_address>
         <size>0x643</size>
         <input_file_ref idref="fl-9"/>
      </object_component>
      <object_component id="oc-10a">
         <name>.debug_info</name>
         <load_address>0xceee</load_address>
         <run_address>0xceee</run_address>
         <size>0x9e7</size>
         <input_file_ref idref="fl-9"/>
      </object_component>
      <object_component id="oc-125">
         <name>.debug_info</name>
         <load_address>0xd8d5</load_address>
         <run_address>0xd8d5</run_address>
         <size>0x31a</size>
         <input_file_ref idref="fl-a"/>
      </object_component>
      <object_component id="oc-a6">
         <name>.debug_info</name>
         <load_address>0xdbef</load_address>
         <run_address>0xdbef</run_address>
         <size>0xb2f</size>
         <input_file_ref idref="fl-a"/>
      </object_component>
      <object_component id="oc-38">
         <name>.debug_info</name>
         <load_address>0xe71e</load_address>
         <run_address>0xe71e</run_address>
         <size>0x18f</size>
         <input_file_ref idref="fl-a"/>
      </object_component>
      <object_component id="oc-18e">
         <name>.debug_info</name>
         <load_address>0xe8ad</load_address>
         <run_address>0xe8ad</run_address>
         <size>0x1de</size>
         <input_file_ref idref="fl-a"/>
      </object_component>
      <object_component id="oc-120">
         <name>.debug_info</name>
         <load_address>0xea8b</load_address>
         <run_address>0xea8b</run_address>
         <size>0x129</size>
         <input_file_ref idref="fl-a"/>
      </object_component>
      <object_component id="oc-1b8">
         <name>.debug_info</name>
         <load_address>0xebb4</load_address>
         <run_address>0xebb4</run_address>
         <size>0x502</size>
         <input_file_ref idref="fl-b"/>
      </object_component>
      <object_component id="oc-be">
         <name>.debug_info</name>
         <load_address>0xf0b6</load_address>
         <run_address>0xf0b6</run_address>
         <size>0x480</size>
         <input_file_ref idref="fl-b"/>
      </object_component>
      <object_component id="oc-1c1">
         <name>.debug_info</name>
         <load_address>0xf536</load_address>
         <run_address>0xf536</run_address>
         <size>0xb8</size>
         <input_file_ref idref="fl-b"/>
      </object_component>
      <object_component id="oc-193">
         <name>.debug_info</name>
         <load_address>0xf5ee</load_address>
         <run_address>0xf5ee</run_address>
         <size>0x435</size>
         <input_file_ref idref="fl-b"/>
      </object_component>
      <object_component id="oc-22b">
         <name>.debug_info</name>
         <load_address>0xfa23</load_address>
         <run_address>0xfa23</run_address>
         <size>0x551</size>
         <input_file_ref idref="fl-b"/>
      </object_component>
      <object_component id="oc-198">
         <name>.debug_info</name>
         <load_address>0xff74</load_address>
         <run_address>0xff74</run_address>
         <size>0x1f9</size>
         <input_file_ref idref="fl-b"/>
      </object_component>
      <object_component id="oc-19d">
         <name>.debug_info</name>
         <load_address>0x1016d</load_address>
         <run_address>0x1016d</run_address>
         <size>0x6a6</size>
         <input_file_ref idref="fl-b"/>
      </object_component>
      <object_component id="oc-1a2">
         <name>.debug_info</name>
         <load_address>0x10813</load_address>
         <run_address>0x10813</run_address>
         <size>0x13e</size>
         <input_file_ref idref="fl-b"/>
      </object_component>
      <object_component id="oc-181">
         <name>.debug_info</name>
         <load_address>0x10951</load_address>
         <run_address>0x10951</run_address>
         <size>0x4f2</size>
         <input_file_ref idref="fl-c"/>
      </object_component>
      <object_component id="oc-b4">
         <name>.debug_info</name>
         <load_address>0x10e43</load_address>
         <run_address>0x10e43</run_address>
         <size>0xb32</size>
         <input_file_ref idref="fl-c"/>
      </object_component>
      <object_component id="oc-1fe">
         <name>.debug_info</name>
         <load_address>0x11975</load_address>
         <run_address>0x11975</run_address>
         <size>0x4de</size>
         <input_file_ref idref="fl-c"/>
      </object_component>
      <object_component id="oc-203">
         <name>.debug_info</name>
         <load_address>0x11e53</load_address>
         <run_address>0x11e53</run_address>
         <size>0x3ce</size>
         <input_file_ref idref="fl-c"/>
      </object_component>
      <object_component id="oc-1ec">
         <name>.debug_info</name>
         <load_address>0x12221</load_address>
         <run_address>0x12221</run_address>
         <size>0x2c</size>
         <input_file_ref idref="fl-c"/>
      </object_component>
      <object_component id="oc-208">
         <name>.debug_info</name>
         <load_address>0x1224d</load_address>
         <run_address>0x1224d</run_address>
         <size>0x35</size>
         <input_file_ref idref="fl-c"/>
      </object_component>
      <object_component id="oc-238">
         <name>.debug_info</name>
         <load_address>0x12282</load_address>
         <run_address>0x12282</run_address>
         <size>0x37b</size>
         <input_file_ref idref="fl-c"/>
      </object_component>
      <object_component id="oc-212">
         <name>.debug_info</name>
         <load_address>0x125fd</load_address>
         <run_address>0x125fd</run_address>
         <size>0x1ca</size>
         <input_file_ref idref="fl-c"/>
      </object_component>
      <object_component id="oc-217">
         <name>.debug_info</name>
         <load_address>0x127c7</load_address>
         <run_address>0x127c7</run_address>
         <size>0x3d3</size>
         <input_file_ref idref="fl-c"/>
      </object_component>
      <object_component id="oc-221">
         <name>.debug_info</name>
         <load_address>0x12b9a</load_address>
         <run_address>0x12b9a</run_address>
         <size>0x1de</size>
         <input_file_ref idref="fl-c"/>
      </object_component>
      <object_component id="oc-295">
         <name>.debug_info</name>
         <load_address>0x12d78</load_address>
         <run_address>0x12d78</run_address>
         <size>0x243</size>
         <input_file_ref idref="fl-c"/>
      </object_component>
      <object_component id="oc-2c1">
         <name>.debug_info</name>
         <load_address>0x12fbb</load_address>
         <run_address>0x12fbb</run_address>
         <size>0x18e</size>
         <input_file_ref idref="fl-c"/>
      </object_component>
      <object_component id="oc-230">
         <name>.debug_info</name>
         <load_address>0x13149</load_address>
         <run_address>0x13149</run_address>
         <size>0x17a</size>
         <input_file_ref idref="fl-c"/>
      </object_component>
      <object_component id="oc-1f6">
         <name>.debug_info</name>
         <load_address>0x132c3</load_address>
         <run_address>0x132c3</run_address>
         <size>0x284</size>
         <input_file_ref idref="fl-d"/>
      </object_component>
      <object_component id="oc-113">
         <name>.debug_info</name>
         <load_address>0x13547</load_address>
         <run_address>0x13547</run_address>
         <size>0x1ed</size>
         <input_file_ref idref="fl-d"/>
      </object_component>
      <object_component id="oc-21c">
         <name>.debug_info</name>
         <load_address>0x13734</load_address>
         <run_address>0x13734</run_address>
         <size>0x508</size>
         <input_file_ref idref="fl-d"/>
      </object_component>
      <object_component id="oc-2de">
         <name>.debug_info</name>
         <load_address>0x13c3c</load_address>
         <run_address>0x13c3c</run_address>
         <size>0x43c</size>
         <input_file_ref idref="fl-d"/>
      </object_component>
      <object_component id="oc-286">
         <name>.debug_info</name>
         <load_address>0x14078</load_address>
         <run_address>0x14078</run_address>
         <size>0x2ed</size>
         <input_file_ref idref="fl-e"/>
      </object_component>
      <object_component id="oc-169">
         <name>.debug_info</name>
         <load_address>0x14365</load_address>
         <run_address>0x14365</run_address>
         <size>0xd2b</size>
         <input_file_ref idref="fl-e"/>
      </object_component>
      <object_component id="oc-3e">
         <name>.debug_info</name>
         <load_address>0x15090</load_address>
         <run_address>0x15090</run_address>
         <size>0x2cc</size>
         <input_file_ref idref="fl-e"/>
      </object_component>
      <object_component id="oc-1c8">
         <name>.debug_info</name>
         <load_address>0x1535c</load_address>
         <run_address>0x1535c</run_address>
         <size>0x31f</size>
         <input_file_ref idref="fl-f"/>
      </object_component>
      <object_component id="oc-cb">
         <name>.debug_info</name>
         <load_address>0x1567b</load_address>
         <run_address>0x1567b</run_address>
         <size>0xee</size>
         <input_file_ref idref="fl-f"/>
      </object_component>
      <object_component id="oc-157">
         <name>.debug_info</name>
         <load_address>0x15769</load_address>
         <run_address>0x15769</run_address>
         <size>0xc46</size>
         <input_file_ref idref="fl-f"/>
      </object_component>
      <object_component id="oc-41">
         <name>.debug_info</name>
         <load_address>0x163af</load_address>
         <run_address>0x163af</run_address>
         <size>0x23f</size>
         <input_file_ref idref="fl-f"/>
      </object_component>
      <object_component id="oc-2bc">
         <name>.debug_info</name>
         <load_address>0x165ee</load_address>
         <run_address>0x165ee</run_address>
         <size>0x91</size>
         <input_file_ref idref="fl-f"/>
      </object_component>
      <object_component id="oc-278">
         <name>.debug_info</name>
         <load_address>0x1667f</load_address>
         <run_address>0x1667f</run_address>
         <size>0x69c</size>
         <input_file_ref idref="fl-10"/>
      </object_component>
      <object_component id="oc-16f">
         <name>.debug_info</name>
         <load_address>0x16d1b</load_address>
         <run_address>0x16d1b</run_address>
         <size>0xf9</size>
         <input_file_ref idref="fl-10"/>
      </object_component>
      <object_component id="oc-163">
         <name>.debug_info</name>
         <load_address>0x16e14</load_address>
         <run_address>0x16e14</run_address>
         <size>0x6cc</size>
         <input_file_ref idref="fl-10"/>
      </object_component>
      <object_component id="oc-328">
         <name>.debug_info</name>
         <load_address>0x174e0</load_address>
         <run_address>0x174e0</run_address>
         <size>0x1f8</size>
         <input_file_ref idref="fl-10"/>
      </object_component>
      <object_component id="oc-322">
         <name>.debug_info</name>
         <load_address>0x176d8</load_address>
         <run_address>0x176d8</run_address>
         <size>0x841</size>
         <input_file_ref idref="fl-10"/>
      </object_component>
      <object_component id="oc-33d">
         <name>.debug_info</name>
         <load_address>0x17f19</load_address>
         <run_address>0x17f19</run_address>
         <size>0x283</size>
         <input_file_ref idref="fl-10"/>
      </object_component>
      <object_component id="oc-27b">
         <name>.debug_info</name>
         <load_address>0x1819c</load_address>
         <run_address>0x1819c</run_address>
         <size>0x109</size>
         <input_file_ref idref="fl-10"/>
      </object_component>
      <object_component id="oc-89">
         <name>.debug_info</name>
         <load_address>0x182a5</load_address>
         <run_address>0x182a5</run_address>
         <size>0x7f8</size>
         <input_file_ref idref="fl-11"/>
      </object_component>
      <object_component id="oc-2c7">
         <name>.debug_info</name>
         <load_address>0x18a9d</load_address>
         <run_address>0x18a9d</run_address>
         <size>0x334</size>
         <input_file_ref idref="fl-12"/>
      </object_component>
      <object_component id="oc-1cc">
         <name>.debug_info</name>
         <load_address>0x18dd1</load_address>
         <run_address>0x18dd1</run_address>
         <size>0xb07</size>
         <input_file_ref idref="fl-12"/>
      </object_component>
      <object_component id="oc-49">
         <name>.debug_info</name>
         <load_address>0x198d8</load_address>
         <run_address>0x198d8</run_address>
         <size>0x169</size>
         <input_file_ref idref="fl-12"/>
      </object_component>
      <object_component id="oc-4d">
         <name>.debug_info</name>
         <load_address>0x19a41</load_address>
         <run_address>0x19a41</run_address>
         <size>0x10b</size>
         <input_file_ref idref="fl-13"/>
      </object_component>
      <object_component id="oc-172">
         <name>.debug_info</name>
         <load_address>0x19b4c</load_address>
         <run_address>0x19b4c</run_address>
         <size>0x660</size>
         <input_file_ref idref="fl-14"/>
      </object_component>
      <object_component id="oc-ab">
         <name>.debug_info</name>
         <load_address>0x1a1ac</load_address>
         <run_address>0x1a1ac</run_address>
         <size>0x3e1</size>
         <input_file_ref idref="fl-14"/>
      </object_component>
      <object_component id="oc-2e3">
         <name>.debug_info</name>
         <load_address>0x1a58d</load_address>
         <run_address>0x1a58d</run_address>
         <size>0x2a3</size>
         <input_file_ref idref="fl-16"/>
      </object_component>
      <object_component id="oc-35e">
         <name>.debug_info</name>
         <load_address>0x1a830</load_address>
         <run_address>0x1a830</run_address>
         <size>0x242</size>
         <input_file_ref idref="fl-16"/>
      </object_component>
      <object_component id="oc-226">
         <name>.debug_info</name>
         <load_address>0x1aa72</load_address>
         <run_address>0x1aa72</run_address>
         <size>0x2af</size>
         <input_file_ref idref="fl-16"/>
      </object_component>
      <object_component id="oc-53">
         <name>.debug_info</name>
         <load_address>0x1ad21</load_address>
         <run_address>0x1ad21</run_address>
         <size>0x140</size>
         <input_file_ref idref="fl-17"/>
      </object_component>
      <object_component id="oc-11b">
         <name>.debug_info</name>
         <load_address>0x1ae61</load_address>
         <run_address>0x1ae61</run_address>
         <size>0x36a</size>
         <input_file_ref idref="fl-19"/>
      </object_component>
      <object_component id="oc-11e">
         <name>.debug_info</name>
         <load_address>0x1b1cb</load_address>
         <run_address>0x1b1cb</run_address>
         <size>0x679</size>
         <input_file_ref idref="fl-1a"/>
      </object_component>
      <object_component id="oc-9f">
         <name>.debug_info</name>
         <load_address>0x1b844</load_address>
         <run_address>0x1b844</run_address>
         <size>0x2e92</size>
         <input_file_ref idref="fl-1a"/>
      </object_component>
      <object_component id="oc-20">
         <name>.debug_info</name>
         <load_address>0x1e6d6</load_address>
         <run_address>0x1e6d6</run_address>
         <size>0x5e6</size>
         <input_file_ref idref="fl-1b"/>
      </object_component>
      <object_component id="oc-92">
         <name>.debug_info</name>
         <load_address>0x1ecbc</load_address>
         <run_address>0x1ecbc</run_address>
         <size>0x139</size>
         <input_file_ref idref="fl-1b"/>
      </object_component>
      <object_component id="oc-bb">
         <name>.debug_info</name>
         <load_address>0x1edf5</load_address>
         <run_address>0x1edf5</run_address>
         <size>0x60d</size>
         <input_file_ref idref="fl-1c"/>
      </object_component>
      <object_component id="oc-2c">
         <name>.debug_info</name>
         <load_address>0x1f402</load_address>
         <run_address>0x1f402</run_address>
         <size>0xe8</size>
         <input_file_ref idref="fl-1c"/>
      </object_component>
      <object_component id="oc-5c">
         <name>.debug_info</name>
         <load_address>0x1f4ea</load_address>
         <run_address>0x1f4ea</run_address>
         <size>0x47a</size>
         <input_file_ref idref="fl-1c"/>
      </object_component>
      <object_component id="oc-58">
         <name>.debug_info</name>
         <load_address>0x1f964</load_address>
         <run_address>0x1f964</run_address>
         <size>0x203</size>
         <input_file_ref idref="fl-1c"/>
      </object_component>
      <object_component id="oc-1ac">
         <name>.debug_info</name>
         <load_address>0x1fb67</load_address>
         <run_address>0x1fb67</run_address>
         <size>0x4f</size>
         <input_file_ref idref="fl-1c"/>
      </object_component>
      <object_component id="oc-117">
         <name>.debug_info</name>
         <load_address>0x1fbb6</load_address>
         <run_address>0x1fbb6</run_address>
         <size>0x526</size>
         <input_file_ref idref="fl-1d"/>
      </object_component>
      <object_component id="oc-98">
         <name>.debug_info</name>
         <load_address>0x200dc</load_address>
         <run_address>0x200dc</run_address>
         <size>0x7dd</size>
         <input_file_ref idref="fl-1d"/>
      </object_component>
      <object_component id="oc-37f">
         <name>.debug_info</name>
         <load_address>0x208b9</load_address>
         <run_address>0x208b9</run_address>
         <size>0x267</size>
         <input_file_ref idref="fl-20"/>
      </object_component>
      <object_component id="oc-30c">
         <name>.debug_info</name>
         <load_address>0x20b20</load_address>
         <run_address>0x20b20</run_address>
         <size>0x151</size>
         <input_file_ref idref="fl-20"/>
      </object_component>
      <object_component id="oc-378">
         <name>.debug_info</name>
         <load_address>0x20c71</load_address>
         <run_address>0x20c71</run_address>
         <size>0x7cb</size>
         <input_file_ref idref="fl-23"/>
      </object_component>
      <object_component id="oc-303">
         <name>.debug_info</name>
         <load_address>0x2143c</load_address>
         <run_address>0x2143c</run_address>
         <size>0x38f</size>
         <input_file_ref idref="fl-23"/>
      </object_component>
      <object_component id="oc-319">
         <name>.debug_info</name>
         <load_address>0x217cb</load_address>
         <run_address>0x217cb</run_address>
         <size>0x72b</size>
         <input_file_ref idref="fl-23"/>
      </object_component>
      <object_component id="oc-30a">
         <name>.debug_info</name>
         <load_address>0x21ef6</load_address>
         <run_address>0x21ef6</run_address>
         <size>0x8bf</size>
         <input_file_ref idref="fl-25"/>
      </object_component>
      <object_component id="oc-261">
         <name>.debug_info</name>
         <load_address>0x227b5</load_address>
         <run_address>0x227b5</run_address>
         <size>0x53b</size>
         <input_file_ref idref="fl-25"/>
      </object_component>
      <object_component id="oc-32e">
         <name>.debug_info</name>
         <load_address>0x22cf0</load_address>
         <run_address>0x22cf0</run_address>
         <size>0x848</size>
         <input_file_ref idref="fl-27"/>
      </object_component>
      <object_component id="oc-26d">
         <name>.debug_info</name>
         <load_address>0x23538</load_address>
         <run_address>0x23538</run_address>
         <size>0x53e</size>
         <input_file_ref idref="fl-27"/>
      </object_component>
      <object_component id="oc-327">
         <name>.debug_info</name>
         <load_address>0x23a76</load_address>
         <run_address>0x23a76</run_address>
         <size>0x909</size>
         <input_file_ref idref="fl-29"/>
      </object_component>
      <object_component id="oc-266">
         <name>.debug_info</name>
         <load_address>0x2437f</load_address>
         <run_address>0x2437f</run_address>
         <size>0x53a3</size>
         <input_file_ref idref="fl-29"/>
      </object_component>
      <object_component id="oc-330">
         <name>.debug_info</name>
         <load_address>0x29722</load_address>
         <run_address>0x29722</run_address>
         <size>0x9c0</size>
         <input_file_ref idref="fl-2a"/>
      </object_component>
      <object_component id="oc-273">
         <name>.debug_info</name>
         <load_address>0x2a0e2</load_address>
         <run_address>0x2a0e2</run_address>
         <size>0x527</size>
         <input_file_ref idref="fl-2a"/>
      </object_component>
      <object_component id="oc-2fd">
         <name>.debug_info</name>
         <load_address>0x2a609</load_address>
         <run_address>0x2a609</run_address>
         <size>0x28f</size>
         <input_file_ref idref="fl-31"/>
      </object_component>
      <object_component id="oc-24f">
         <name>.debug_info</name>
         <load_address>0x2a898</load_address>
         <run_address>0x2a898</run_address>
         <size>0x1a0</size>
         <input_file_ref idref="fl-31"/>
      </object_component>
      <object_component id="oc-36f">
         <name>.debug_info</name>
         <load_address>0x2aa38</load_address>
         <run_address>0x2aa38</run_address>
         <size>0x46</size>
         <input_file_ref idref="fl-31"/>
      </object_component>
      <object_component id="oc-2f8">
         <name>.debug_info</name>
         <load_address>0x2aa7e</load_address>
         <run_address>0x2aa7e</run_address>
         <size>0x39</size>
         <input_file_ref idref="fl-31"/>
      </object_component>
      <object_component id="oc-6f">
         <name>.debug_info</name>
         <load_address>0x2aab7</load_address>
         <run_address>0x2aab7</run_address>
         <size>0x119</size>
         <input_file_ref idref="fl-32"/>
      </object_component>
      <object_component id="oc-104">
         <name>.debug_info</name>
         <load_address>0x2abd0</load_address>
         <run_address>0x2abd0</run_address>
         <size>0x147</size>
         <input_file_ref idref="fl-33"/>
      </object_component>
      <object_component id="oc-240">
         <name>.debug_info</name>
         <load_address>0x2ad17</load_address>
         <run_address>0x2ad17</run_address>
         <size>0x4b3</size>
         <input_file_ref idref="fl-34"/>
      </object_component>
      <object_component id="oc-127">
         <name>.debug_info</name>
         <load_address>0x2b1ca</load_address>
         <run_address>0x2b1ca</run_address>
         <size>0x1a6</size>
         <input_file_ref idref="fl-34"/>
      </object_component>
      <object_component id="oc-2e6">
         <name>.debug_info</name>
         <load_address>0x2b370</load_address>
         <run_address>0x2b370</run_address>
         <size>0x39</size>
         <input_file_ref idref="fl-34"/>
      </object_component>
      <object_component id="oc-363">
         <name>.debug_info</name>
         <load_address>0x2b3a9</load_address>
         <run_address>0x2b3a9</run_address>
         <size>0x39</size>
         <input_file_ref idref="fl-34"/>
      </object_component>
      <object_component id="oc-2eb">
         <name>.debug_info</name>
         <load_address>0x2b3e2</load_address>
         <run_address>0x2b3e2</run_address>
         <size>0x39</size>
         <input_file_ref idref="fl-34"/>
      </object_component>
      <object_component id="oc-2f0">
         <name>.debug_info</name>
         <load_address>0x2b41b</load_address>
         <run_address>0x2b41b</run_address>
         <size>0xcd</size>
         <input_file_ref idref="fl-34"/>
      </object_component>
      <object_component id="oc-101">
         <name>.debug_info</name>
         <load_address>0x2b4e8</load_address>
         <run_address>0x2b4e8</run_address>
         <size>0x2d4</size>
         <input_file_ref idref="fl-36"/>
      </object_component>
      <object_component id="oc-7b">
         <name>.debug_info</name>
         <load_address>0x2b7bc</load_address>
         <run_address>0x2b7bc</run_address>
         <size>0x1d2</size>
         <input_file_ref idref="fl-36"/>
      </object_component>
      <object_component id="oc-fc">
         <name>.debug_info</name>
         <load_address>0x2b98e</load_address>
         <run_address>0x2b98e</run_address>
         <size>0x46</size>
         <input_file_ref idref="fl-36"/>
      </object_component>
      <object_component id="oc-79">
         <name>.debug_info</name>
         <load_address>0x2b9d4</load_address>
         <run_address>0x2b9d4</run_address>
         <size>0x2a3</size>
         <input_file_ref idref="fl-37"/>
      </object_component>
      <object_component id="oc-19">
         <name>.debug_info</name>
         <load_address>0x2bc77</load_address>
         <run_address>0x2bc77</run_address>
         <size>0x1d5</size>
         <input_file_ref idref="fl-37"/>
      </object_component>
      <object_component id="oc-74">
         <name>.debug_info</name>
         <load_address>0x2be4c</load_address>
         <run_address>0x2be4c</run_address>
         <size>0x46</size>
         <input_file_ref idref="fl-37"/>
      </object_component>
      <object_component id="oc-f4">
         <name>.debug_info</name>
         <load_address>0x2be92</load_address>
         <run_address>0x2be92</run_address>
         <size>0x2c</size>
         <input_file_ref idref="fl-37"/>
      </object_component>
      <object_component id="oc-f2">
         <name>.debug_info</name>
         <load_address>0x2bebe</load_address>
         <run_address>0x2bebe</run_address>
         <size>0x29e</size>
         <input_file_ref idref="fl-38"/>
      </object_component>
      <object_component id="oc-13">
         <name>.debug_info</name>
         <load_address>0x2c15c</load_address>
         <run_address>0x2c15c</run_address>
         <size>0x250</size>
         <input_file_ref idref="fl-38"/>
      </object_component>
      <object_component id="oc-64">
         <name>.debug_info</name>
         <load_address>0x2c3ac</load_address>
         <run_address>0x2c3ac</run_address>
         <size>0x60</size>
         <input_file_ref idref="fl-38"/>
      </object_component>
      <object_component id="oc-1e5">
         <name>.debug_info</name>
         <load_address>0x2c40c</load_address>
         <run_address>0x2c40c</run_address>
         <size>0x46</size>
         <input_file_ref idref="fl-38"/>
      </object_component>
      <object_component id="oc-ed">
         <name>.debug_info</name>
         <load_address>0x2c452</load_address>
         <run_address>0x2c452</run_address>
         <size>0x39</size>
         <input_file_ref idref="fl-38"/>
      </object_component>
      <object_component id="oc-178">
         <name>.debug_info</name>
         <load_address>0x2c48b</load_address>
         <run_address>0x2c48b</run_address>
         <size>0x122</size>
         <input_file_ref idref="fl-39"/>
      </object_component>
      <object_component id="oc-3d7">
         <name>.debug_info</name>
         <load_address>0x2c5ad</load_address>
         <run_address>0x2c5ad</run_address>
         <size>0x107</size>
      </object_component>
      <object_component id="oc-353">
         <name>.debug_line</name>
         <load_address>0x0</load_address>
         <run_address>0x0</run_address>
         <size>0x20</size>
         <input_file_ref idref="fl-2"/>
      </object_component>
      <object_component id="oc-37a">
         <name>.debug_line</name>
         <load_address>0x20</load_address>
         <run_address>0x20</run_address>
         <size>0x41</size>
         <input_file_ref idref="fl-2"/>
      </object_component>
      <object_component id="oc-320">
         <name>.debug_line</name>
         <load_address>0x61</load_address>
         <run_address>0x61</run_address>
         <size>0x69</size>
         <input_file_ref idref="fl-2"/>
      </object_component>
      <object_component id="oc-336">
         <name>.debug_line</name>
         <load_address>0xca</load_address>
         <run_address>0xca</run_address>
         <size>0x70</size>
         <input_file_ref idref="fl-2"/>
      </object_component>
      <object_component id="oc-33b">
         <name>.debug_line</name>
         <load_address>0x13a</load_address>
         <run_address>0x13a</run_address>
         <size>0x74</size>
         <input_file_ref idref="fl-2"/>
      </object_component>
      <object_component id="oc-18c">
         <name>.debug_line</name>
         <load_address>0x1ae</load_address>
         <run_address>0x1ae</run_address>
         <size>0x6f</size>
         <input_file_ref idref="fl-2"/>
      </object_component>
      <object_component id="oc-c6">
         <name>.debug_line</name>
         <load_address>0x21d</load_address>
         <run_address>0x21d</run_address>
         <size>0x70</size>
         <input_file_ref idref="fl-2"/>
      </object_component>
      <object_component id="oc-390">
         <name>.debug_line</name>
         <load_address>0x28d</load_address>
         <run_address>0x28d</run_address>
         <size>0x6d</size>
         <input_file_ref idref="fl-2"/>
      </object_component>
      <object_component id="oc-e6">
         <name>.debug_line</name>
         <load_address>0x2fa</load_address>
         <run_address>0x2fa</run_address>
         <size>0x20</size>
         <input_file_ref idref="fl-2"/>
      </object_component>
      <object_component id="oc-2ae">
         <name>.debug_line</name>
         <load_address>0x31a</load_address>
         <run_address>0x31a</run_address>
         <size>0x73</size>
         <input_file_ref idref="fl-2"/>
      </object_component>
      <object_component id="oc-1bf">
         <name>.debug_line</name>
         <load_address>0x38d</load_address>
         <run_address>0x38d</run_address>
         <size>0x70</size>
         <input_file_ref idref="fl-2"/>
      </object_component>
      <object_component id="oc-3a4">
         <name>.debug_line</name>
         <load_address>0x3fd</load_address>
         <run_address>0x3fd</run_address>
         <size>0x5e</size>
         <input_file_ref idref="fl-3"/>
      </object_component>
      <object_component id="oc-6c">
         <name>.debug_line</name>
         <load_address>0x45b</load_address>
         <run_address>0x45b</run_address>
         <size>0x20</size>
         <input_file_ref idref="fl-3"/>
      </object_component>
[...]
      </symbol>
      <symbol id="sm-89b">
         <name>checkRAMAddrParity</name>
         <value>0x7820</value>
         <object_component_ref idref="oc-9d"/>
      </symbol>
      <symbol id="sm-89c">
         <name>mibspi5ParityCheck</name>
         <value>0x7080</value>
         <object_component_ref idref="oc-9d"/>
      </symbol>
      <symbol id="sm-89d">
         <name>checkB0RAMECC</name>
         <value>0x6108</value>
         <object_component_ref idref="oc-9d"/>
      </symbol>
      <symbol id="sm-89e">
         <name>stcGetConfigValue</name>
         <value>0x7d8c</value>
         <object_component_ref idref="oc-9d"/>
      </symbol>
      <symbol id="sm-89f">
         <name>pbistIsTestPassed</name>
         <value>0x5da4</value>
         <object_component_ref idref="oc-9d"/>
      </symbol>
      <symbol id="sm-8a0">
         <name>checkClockMonitor</name>
         <value>0x73e8</value>
         <object_component_ref idref="oc-9d"/>
      </symbol>
      <symbol id="sm-8a1">
         <name>fmcECCcheck</name>
         <value>0x6068</value>
         <object_component_ref idref="oc-9d"/>
      </symbol>
      <symbol id="sm-8a2">
         <name>fmcBus2Check</name>
         <value>0x602c</value>
         <object_component_ref idref="oc-9d"/>
      </symbol>
      <symbol id="sm-8a3">
         <name>checkRAMUERRTest</name>
         <value>0x792c</value>
         <object_component_ref idref="oc-9d"/>
      </symbol>
      <symbol id="sm-8a4">
         <name>efcStuckZeroTest</name>
         <value>0x5eb8</value>
         <object_component_ref idref="oc-9d"/>
      </symbol>
      <symbol id="sm-8a5">
         <name>checkPLL2Slip</name>
         <value>0x775c</value>
         <object_component_ref idref="oc-9d"/>
      </symbol>
      <symbol id="sm-8d7">
         <name>_c_int00</name>
         <value>0x11f24</value>
         <object_component_ref idref="oc-1f"/>
      </symbol>
      <symbol id="sm-8d8">
         <name>handlePLLLockFail</name>
         <value>0x13614</value>
         <object_component_ref idref="oc-91"/>
      </symbol>
      <symbol id="sm-987">
         <name>vimChannelMap</name>
         <value>0xcf94</value>
         <object_component_ref idref="oc-5b"/>
      </symbol>
      <symbol id="sm-988">
         <name>vimInit</name>
         <value>0xcec0</value>
         <object_component_ref idref="oc-5b"/>
      </symbol>
      <symbol id="sm-989">
         <name>vimEnableInterrupt</name>
         <value>0xd038</value>
         <object_component_ref idref="oc-5b"/>
      </symbol>
      <symbol id="sm-98a">
         <name>vimDisableInterrupt</name>
         <value>0xd200</value>
         <object_component_ref idref="oc-5b"/>
      </symbol>
      <symbol id="sm-98b">
         <name>vimGetConfigValue</name>
         <value>0xd2ac</value>
         <object_component_ref idref="oc-5b"/>
      </symbol>
      <symbol id="sm-98c">
         <name>vimParityErrorHandler</name>
         <value>0x11c58</value>
         <object_component_ref idref="oc-57"/>
      </symbol>
      <symbol id="sm-9e7">
         <name>systemGetConfigValue</name>
         <value>0xb0a0</value>
         <object_component_ref idref="oc-97"/>
      </symbol>
      <symbol id="sm-9e8">
         <name>trimLPO</name>
         <value>0xad74</value>
         <object_component_ref idref="oc-97"/>
      </symbol>
      <symbol id="sm-9e9">
         <name>systemInit</name>
         <value>0xafa4</value>
         <object_component_ref idref="oc-97"/>
      </symbol>
      <symbol id="sm-9ea">
         <name>customTrimLPO</name>
         <value>0xb79c</value>
         <object_component_ref idref="oc-97"/>
      </symbol>
      <symbol id="sm-9eb">
         <name>tcmflashGetConfigValue</name>
         <value>0xb4b4</value>
         <object_component_ref idref="oc-97"/>
      </symbol>
      <symbol id="sm-9ec">
         <name>sramGetConfigValue</name>
         <value>0xb660</value>
         <object_component_ref idref="oc-97"/>
      </symbol>
      <symbol id="sm-9ed">
         <name>periphInit</name>
         <value>0xae28</value>
         <object_component_ref idref="oc-97"/>
      </symbol>
      <symbol id="sm-9ee">
         <name>setupFlash</name>
         <value>0xade8</value>
         <object_component_ref idref="oc-97"/>
      </symbol>
      <symbol id="sm-9ef">
         <name>setupPLL</name>
         <value>0xad14</value>
         <object_component_ref idref="oc-97"/>
      </symbol>
      <symbol id="sm-9f0">
         <name>mapClocks</name>
         <value>0xae7c</value>
         <object_component_ref idref="oc-97"/>
      </symbol>
      <symbol id="sm-9f1">
         <name>systemPowerDown</name>
         <value>0xb070</value>
         <object_component_ref idref="oc-97"/>
      </symbol>
      <symbol id="sm-9ff">
         <name>Fee_BlockConfiguration</name>
         <value>0x14fa0</value>
         <object_component_ref idref="oc-30b"/>
      </symbol>
      <symbol id="sm-a00">
         <name>Fee_VirtualSectorConfiguration</name>
         <value>0x14f94</value>
         <object_component_ref idref="oc-30b"/>
      </symbol>
      <symbol id="sm-a85">
         <name>TI_Fee_u32ActCpyVS</name>
         <value>0x80015d8</value>
         <object_component_ref idref="oc-302"/>
      </symbol>
      <symbol id="sm-a86">
         <name>TI_FlashStatusWord</name>
         <value>0x80015e4</value>
         <object_component_ref idref="oc-302"/>
      </symbol>
      <symbol id="sm-a87">
         <name>TI_Fee_Init</name>
         <value>0x8550</value>
         <object_component_ref idref="oc-316"/>
      </symbol>
      <symbol id="sm-a88">
         <name>TI_Fee_u8DeviceIndex</name>
         <value>0x80015d4</value>
         <object_component_ref idref="oc-302"/>
      </symbol>
      <symbol id="sm-a89">
         <name>TI_Fee_FapiInitCalled</name>
         <value>0x80015f4</value>
         <object_component_ref idref="oc-302"/>
      </symbol>
      <symbol id="sm-a8a">
         <name>TI_Fee_oStatusWord</name>
         <value>0x80015e0</value>
         <object_component_ref idref="oc-302"/>
      </symbol>
      <symbol id="sm-a8b">
         <name>TI_Fee_GlobalVariables</name>
         <value>0x8001500</value>
         <object_component_ref idref="oc-302"/>
      </symbol>
      <symbol id="sm-a8c">
         <name>TI_Fee_u8DataSets</name>
         <value>0x80015c8</value>
         <object_component_ref idref="oc-302"/>
      </symbol>
      <symbol id="sm-a8d">
         <name>TI_Fee_u32FletcherChecksum</name>
         <value>0x80015cc</value>
         <object_component_ref idref="oc-302"/>
      </symbol>
      <symbol id="sm-a8e">
         <name>TI_Fee_bEraseSuspended</name>
         <value>0x80015dd</value>
         <object_component_ref idref="oc-302"/>
      </symbol>
      <symbol id="sm-a8f">
         <name>TI_Fee_u32BlockEraseCount</name>
         <value>0x80015d0</value>
         <object_component_ref idref="oc-302"/>
      </symbol>
      <symbol id="sm-a90">
         <name>TI_Fee_u8ErrEraseVS</name>
         <value>0x80015dc</value>
         <object_component_ref idref="oc-302"/>
      </symbol>
      <symbol id="sm-a91">
         <name>TI_Fee_bIsMainFunctionCalled</name>
         <value>0x80015de</value>
         <object_component_ref idref="oc-302"/>
      </symbol>
      <symbol id="sm-b02">
         <name>TI_Fee_MainFunction</name>
         <value>0x9c34</value>
         <object_component_ref idref="oc-25f"/>
      </symbol>
      <symbol id="sm-b3d">
         <name>TI_Fee_ReadSync</name>
         <value>0x142d8</value>
         <object_component_ref idref="oc-26b"/>
      </symbol>
      <symbol id="sm-d61">
         <name>TI_FeeInternal_FindNextVirtualSector</name>
         <value>0xec4</value>
         <object_component_ref idref="oc-265"/>
      </symbol>
      <symbol id="sm-d62">
         <name>TI_Fee_GetStatus</name>
         <value>0x4ec8</value>
         <object_component_ref idref="oc-265"/>
      </symbol>
      <symbol id="sm-d63">
         <name>TI_FeeInternal_SetClearCopyBlockState</name>
         <value>0x2f28</value>
         <object_component_ref idref="oc-265"/>
      </symbol>
      <symbol id="sm-d64">
         <name>TI_FeeInternal_UpdateBlockOffsetArray</name>
         <value>0x1e90</value>
         <object_component_ref idref="oc-265"/>
      </symbol>
      <symbol id="sm-d65">
         <name>TI_FeeInternal_CheckReadParameters</name>
         <value>0x2ab4</value>
         <object_component_ref idref="oc-265"/>
      </symbol>
      <symbol id="sm-d66">
         <name>TI_FeeInternal_BlankCheck</name>
         <value>0x1188</value>
         <object_component_ref idref="oc-265"/>
      </symbol>
      <symbol id="sm-d67">
         <name>TI_FeeInternal_Fletcher16</name>
         <value>0x50b4</value>
         <object_component_ref idref="oc-265"/>
      </symbol>
      <symbol id="sm-d68">
         <name>TI_Fee_ErrorRecovery</name>
         <value>0x51e0</value>
         <object_component_ref idref="oc-265"/>
      </symbol>
      <symbol id="sm-d69">
         <name>TI_FeeInternal_PollFlashStatus</name>
         <value>0xe08</value>
         <object_component_ref idref="oc-265"/>
      </symbol>
      <symbol id="sm-d6a">
         <name>TI_FeeInternal_StartProgramBlock</name>
         <value>0x4dc4</value>
         <object_component_ref idref="oc-265"/>
      </symbol>
      <symbol id="sm-d6b">
         <name>TI_FeeInternal_GetCurrentBlockAddress</name>
         <value>0x2be4</value>
         <object_component_ref idref="oc-265"/>
      </symbol>
      <symbol id="sm-d6c">
         <name>TI_FeeInternal_WriteBlockHeader</name>
         <value>0x44bc</value>
         <object_component_ref idref="oc-265"/>
      </symbol>
      <symbol id="sm-d6d">
         <name>TI_FeeInternal_EnableRequiredFlashSector</name>
         <value>0x56cc</value>
         <object_component_ref idref="oc-265"/>
      </symbol>
      <symbol id="sm-d6e">
         <name>TI_FeeInternal_WriteDataF021</name>
         <value>0x664</value>
         <object_component_ref idref="oc-265"/>
      </symbol>
      <symbol id="sm-d6f">
         <name>TI_FeeInternal_GetBlockNumber</name>
         <value>0x1c2c</value>
         <object_component_ref idref="oc-265"/>
      </symbol>
      <symbol id="sm-d70">
         <name>TI_FeeInternal_GetDataSetIndex</name>
         <value>0x1ce8</value>
         <object_component_ref idref="oc-265"/>
      </symbol>
      <symbol id="sm-d71">
         <name>TI_FeeInternal_GetVirtualSectorParameter</name>
         <value>0x20</value>
         <object_component_ref idref="oc-265"/>
      </symbol>
      <symbol id="sm-d72">
         <name>TI_FeeInternal_WriteVirtualSectorHeader</name>
         <value>0x1b8</value>
         <object_component_ref idref="oc-265"/>
      </symbol>
      <symbol id="sm-d73">
         <name>TI_FeeInternal_AlignAddressForECC</name>
         <value>0xaf4</value>
         <object_component_ref idref="oc-265"/>
      </symbol>
      <symbol id="sm-d74">
         <name>TI_FeeInternal_WritePreviousBlockHeader</name>
         <value>0x481c</value>
         <object_component_ref idref="oc-265"/>
      </symbol>
      <symbol id="sm-d75">
         <name>TI_FeeInternal_GetBlockSize</name>
         <value>0xe84</value>
         <object_component_ref idref="oc-265"/>
      </symbol>
      <symbol id="sm-d76">
         <name>TI_FeeInternal_GetNextFlashAddress</name>
         <value>0x2ce8</value>
         <object_component_ref idref="oc-265"/>
      </symbol>
      <symbol id="sm-d77">
         <name>TI_FeeInternal_GetArrayIndex</name>
         <value>0x1d24</value>
         <object_component_ref idref="oc-265"/>
      </symbol>
      <symbol id="sm-d78">
         <name>TI_FeeInternal_WriteInitialize</name>
         <value>0xb2c</value>
         <object_component_ref idref="oc-265"/>
      </symbol>
      <symbol id="sm-d79">
         <name>TI_FeeInternal_FeeManager</name>
         <value>0x3044</value>
         <object_component_ref idref="oc-265"/>
      </symbol>
      <symbol id="sm-d7a">
         <name>TI_FeeInternal_CheckModuleState</name>
         <value>0x2a54</value>
         <object_component_ref idref="oc-265"/>
      </symbol>
      <symbol id="sm-d7b">
         <name>TI_FeeInternal_GetBlockIndex</name>
         <value>0x1c68</value>
         <object_component_ref idref="oc-265"/>
      </symbol>
      <symbol id="sm-d7c">
         <name>TI_FeeInternal_InvalidateErase</name>
         <value>0x4b14</value>
         <object_component_ref idref="oc-265"/>
      </symbol>
      <symbol id="sm-d7d">
         <name>TI_FeeInternal_GetVirtualSectorIndex</name>
         <value>0x1a50</value>
         <object_component_ref idref="oc-265"/>
      </symbol>
      <symbol id="sm-d7e">
         <name>TI_FeeInternal_CheckForError</name>
         <value>0x4f34</value>
         <object_component_ref idref="oc-265"/>
      </symbol>
      <symbol id="sm-d7f">
         <name>TI_Fee_SuspendResumeErase</name>
         <value>0x54bc</value>
         <object_component_ref idref="oc-265"/>
      </symbol>
      <symbol id="sm-d80">
         <name>TI_FeeInternal_SanityCheck</name>
         <value>0x2d38</value>
         <object_component_ref idref="oc-265"/>
      </symbol>
      <symbol id="sm-dc5">
         <name>TI_Fee_WriteAsync</name>
         <value>0x13620</value>
         <object_component_ref idref="oc-271"/>
      </symbol>
      <symbol id="sm-dec">
         <name>floorl</name>
         <value>0x12d99</value>
         <object_component_ref idref="oc-24e"/>
      </symbol>
      <symbol id="sm-ded">
         <name>floor</name>
         <value>0x12d99</value>
         <object_component_ref idref="oc-24e"/>
      </symbol>
      <symbol id="sm-e08">
         <name>memcpy</name>
         <value>0x12ffd</value>
         <object_component_ref idref="oc-6e"/>
      </symbol>
      <symbol id="sm-e09">
         <name>__aeabi_memcpy</name>
         <value>0x12ffd</value>
         <object_component_ref idref="oc-6e"/>
      </symbol>
      <symbol id="sm-e0a">
         <name>__aeabi_memcpy8</name>
         <value>0x12ffd</value>
         <object_component_ref idref="oc-6e"/>
      </symbol>
      <symbol id="sm-e0b">
         <name>__aeabi_memcpy4</name>
         <value>0x12ffd</value>
         <object_component_ref idref="oc-6e"/>
      </symbol>
      <symbol id="sm-e1a">
         <name>__aeabi_memset</name>
         <value>0x131af</value>
         <object_component_ref idref="oc-102"/>
      </symbol>
      <symbol id="sm-e1b">
         <name>memset</name>
         <value>0x131b5</value>
         <object_component_ref idref="oc-102"/>
      </symbol>
      <symbol id="sm-e1c">
         <name>__aeabi_memset8</name>
         <value>0x131af</value>
         <object_component_ref idref="oc-102"/>
      </symbol>
      <symbol id="sm-e1d">
         <name>__aeabi_memset4</name>
         <value>0x131af</value>
         <object_component_ref idref="oc-102"/>
      </symbol>
      <symbol id="sm-e1e">
         <name>__aeabi_memclr8</name>
         <value>0x131ad</value>
         <object_component_ref idref="oc-102"/>
      </symbol>
      <symbol id="sm-e1f">
         <name>__aeabi_memclr4</name>
         <value>0x131ad</value>
         <object_component_ref idref="oc-102"/>
      </symbol>
      <symbol id="sm-e20">
         <name>__aeabi_memclr</name>
         <value>0x131ad</value>
         <object_component_ref idref="oc-102"/>
      </symbol>
      <symbol id="sm-e48">
         <name>__TI_auto_init_nobinit_nopinit</name>
         <value>0x133f1</value>
         <object_component_ref idref="oc-126"/>
      </symbol>
      <symbol id="sm-e5d">
         <name>__TI_zero_init_nomemset</name>
         <value>0x1359d</value>
         <object_component_ref idref="oc-7a"/>
      </symbol>
      <symbol id="sm-e74">
         <name>__TI_decompress_none</name>
         <value>0x135e9</value>
         <object_component_ref idref="oc-18"/>
      </symbol>
      <symbol id="sm-e97">
         <name>__TI_decompress_lzss</name>
         <value>0x13227</value>
         <object_component_ref idref="oc-12"/>
      </symbol>
      <symbol id="sm-ea2">
         <name>C$$EXIT</name>
         <value>0x1360d</value>
         <object_component_ref idref="oc-174"/>
      </symbol>
      <symbol id="sm-ea3">
         <name>abort</name>
         <value>0x1360d</value>
         <object_component_ref idref="oc-174"/>
      </symbol>
      <symbol id="sm-eaa">
         <name>Fapi_issueAsyncCommand</name>
         <value>0x13535</value>
         <object_component_ref idref="oc-30f"/>
      </symbol>
      <symbol id="sm-eb2">
         <name>Fapi_issueAsyncCommandWithAddress</name>
         <value>0x134a9</value>
         <object_component_ref idref="oc-311"/>
      </symbol>
      <symbol id="sm-eba">
         <name>Fapi_doBlankCheck</name>
         <value>0x13099</value>
         <object_component_ref idref="oc-30e"/>
      </symbol>
      <symbol id="sm-ecb">
         <name>_Fapi_EnableSectors</name>
         <value>0x133ad</value>
         <object_component_ref idref="oc-387"/>
      </symbol>
      <symbol id="sm-ecc">
         <name>Fapi_enableEepromBankSectors</name>
         <value>0x1312d</value>
         <object_component_ref idref="oc-312"/>
      </symbol>
      <symbol id="sm-ee0">
         <name>Fapi_initializeFlashBanks</name>
         <value>0x121ad</value>
         <object_component_ref idref="oc-315"/>
      </symbol>
      <symbol id="sm-ee6">
         <name>_Fapi_issueFsmCommand</name>
         <value>0x13435</value>
         <object_component_ref idref="oc-382"/>
      </symbol>
      <symbol id="sm-ef3">
         <name>_scaleMainFclk</name>
         <value>0x135d9</value>
         <object_component_ref idref="oc-384"/>
      </symbol>
      <symbol id="sm-ef4">
         <name>_scaleEEFclk</name>
         <value>0x135c9</value>
         <object_component_ref idref="oc-383"/>
      </symbol>
      <symbol id="sm-f05">
         <name>Fapi_setActiveFlashBank</name>
         <value>0x12611</value>
         <object_component_ref idref="oc-310"/>
      </symbol>
      <symbol id="sm-f09">
         <name>Fapi_flushPipeline</name>
         <value>0x1355f</value>
         <object_component_ref idref="oc-380"/>
      </symbol>
      <symbol id="sm-f11">
         <name>_Fapi_loopRegionForValue</name>
         <value>0x132fd</value>
         <object_component_ref idref="oc-381"/>
      </symbol>
      <symbol id="sm-f16">
         <name>_Fapi_checkWdService</name>
         <value>0x135f7</value>
         <object_component_ref idref="oc-39f"/>
      </symbol>
      <symbol id="sm-f1c">
         <name>Fapi_calculateFletcherChecksum</name>
         <value>0x13471</value>
         <object_component_ref idref="oc-388"/>
      </symbol>
      <symbol id="sm-f23">
         <name>Fapi_waitDelay</name>
         <value>0x134d9</value>
         <object_component_ref idref="oc-39d"/>
      </symbol>
      <symbol id="sm-f29">
         <name>Fapi_getNumberOfBankSectors</name>
         <value>0x135b9</value>
         <object_component_ref idref="oc-386"/>
      </symbol>
      <symbol id="sm-f2f">
         <name>_Fapi_readDword</name>
         <value>0x13509</value>
         <object_component_ref idref="oc-39e"/>
      </symbol>
      <symbol id="sm-f3b">
         <name>Fapi_isAddressEcc</name>
         <value>0x1335d</value>
         <object_component_ref idref="oc-3a1"/>
      </symbol>
      <symbol id="sm-f3c">
         <name>__TI_static_base__</name>
         <value>0x0</value>
      </symbol>
      <symbol id="sm-f42">
         <name>SHT$$INIT_ARRAY$$Base</name>
         <value>0x0</value>
      </symbol>
      <symbol id="sm-f43">
         <name>SHT$$INIT_ARRAY$$Limit</name>
         <value>0x0</value>
      </symbol>
      <symbol id="sm-f44">
         <name>_system_post_cinit</name>
         <value>0x0</value>
      </symbol>
   </symbol_table>
   <title>Link successful</title>
</link_info>
